D:\projects\alcyone-ember-rpg\Assets\Tests\EditMode\WorldDirector\WorldGeoSamplerTests.cs(16,45): warning CS0618: 'OverlandWorldgen.Generate(uint, OverlandParameters)' artık kullanılmıyor: 'B28: test-only. Production uses Generate(GeneratedWorld, parameters); this flat-seed overload builds a DIFFERENT map for the same seed (planet pipeline vs default). Live callers migrated 2026-07-25.' [D:\projects\alcyone-ember-rpg\tools\validation\fallback\ValidationFallbackHarness.csproj]
D:\projects\alcyone-ember-rpg\Assets\Tests\EditMode\Overland\OverlandWorldgenTests.cs(23,24): warning CS0618: 'OverlandWorldgen.Generate(uint, OverlandParameters)' artık kullanılmıyor: 'B28: test-only. Production uses Generate(GeneratedWorld, parameters); this flat-seed overload builds a DIFFERENT map for the same seed (planet pipeline vs default). Live callers migrated 2026-07-25.' [D:\projects\alcyone-ember-rpg\tools\validation\fallback\ValidationFallbackHarness.csproj]
D:\projects\alcyone-ember-rpg\Assets\Tests\EditMode\Overland\OverlandWorldgenTests.cs(24,24): warning CS0618: 'OverlandWorldgen.Generate(uint, OverlandParameters)' artık kullanılmıyor: 'B28: test-only. Production uses Generate(GeneratedWorld, parameters); this flat-seed overload builds a DIFFERENT map for the same seed (planet pipeline vs default). Live callers migrated 2026-07-25.' [D:\projects\alcyone-ember-rpg\tools\validation\fallback\ValidationFallbackHarness.csproj]
D:\projects\alcyone-ember-rpg\Assets\Tests\EditMode\Overland\OverlandWorldgenTests.cs(33,24): warning CS0618: 'OverlandWorldgen.Generate(uint, OverlandParameters)' artık kullanılmıyor: 'B28: test-only. Production uses Generate(GeneratedWorld, parameters); this flat-seed overload builds a DIFFERENT map for the same seed (planet pipeline vs default). Live callers migrated 2026-07-25.' [D:\projects\alcyone-ember-rpg\tools\validation\fallback\ValidationFallbackHarness.csproj]
D:\projects\alcyone-ember-rpg\Assets\Tests\EditMode\Overland\OverlandWorldgenTests.cs(34,24): warning CS0618: 'OverlandWorldgen.Generate(uint, OverlandParameters)' artık kullanılmıyor: 'B28: test-only. Production uses Generate(GeneratedWorld, parameters); this flat-seed overload builds a DIFFERENT map for the same seed (planet pipeline vs default). Live callers migrated 2026-07-25.' [D:\projects\alcyone-ember-rpg\tools\validation\fallback\ValidationFallbackHarness.csproj]
D:\projects\alcyone-ember-rpg\Assets\Tests\EditMode\Overland\OverlandWorldgenTests.cs(123,23): warning CS0618: 'OverlandWorldgen.Generate(uint, OverlandParameters)' artık kullanılmıyor: 'B28: test-only. Production uses Generate(GeneratedWorld, parameters); this flat-seed overload builds a DIFFERENT map for the same seed (planet pipeline vs default). Live callers migrated 2026-07-25.' [D:\projects\alcyone-ember-rpg\tools\validation\fallback\ValidationFallbackHarness.csproj]
D:\projects\alcyone-ember-rpg\Assets\Tests\EditMode\Overland\OverlandWorldgenTests.cs(189,23): warning CS0618: 'OverlandWorldgen.Generate(uint, OverlandParameters)' artık kullanılmıyor: 'B28: test-only. Production uses Generate(GeneratedWorld, parameters); this flat-seed overload builds a DIFFERENT map for the same seed (planet pipeline vs default). Live callers migrated 2026-07-25.' [D:\projects\alcyone-ember-rpg\tools\validation\fallback\ValidationFallbackHarness.csproj]
D:\projects\alcyone-ember-rpg\Assets\Tests\EditMode\Overland\OverlandMapImageSamplerTests.cs(13,24): warning CS0618: 'OverlandWorldgen.Generate(uint, OverlandParameters)' artık kullanılmıyor: 'B28: test-only. Production uses Generate(GeneratedWorld, parameters); this flat-seed overload builds a DIFFERENT map for the same seed (planet pipeline vs default). Live callers migrated 2026-07-25.' [D:\projects\alcyone-ember-rpg\tools\validation\fallback\ValidationFallbackHarness.csproj]
D:\projects\alcyone-ember-rpg\Assets\Tests\EditMode\Overland\OverlandMapImageSamplerTests.cs(14,24): warning CS0618: 'OverlandWorldgen.Generate(uint, OverlandParameters)' artık kullanılmıyor: 'B28: test-only. Production uses Generate(GeneratedWorld, parameters); this flat-seed overload builds a DIFFERENT map for the same seed (planet pipeline vs default). Live callers migrated 2026-07-25.' [D:\projects\alcyone-ember-rpg\tools\validation\fallback\ValidationFallbackHarness.csproj]
D:\projects\alcyone-ember-rpg\Assets\Tests\EditMode\Overland\OverlandMapImageSamplerTests.cs(26,24): warning CS0618: 'OverlandWorldgen.Generate(uint, OverlandParameters)' artık kullanılmıyor: 'B28: test-only. Production uses Generate(GeneratedWorld, parameters); this flat-seed overload builds a DIFFERENT map for the same seed (planet pipeline vs default). Live callers migrated 2026-07-25.' [D:\projects\alcyone-ember-rpg\tools\validation\fallback\ValidationFallbackHarness.csproj]
D:\projects\alcyone-ember-rpg\Assets\Tests\EditMode\Overland\OverlandMapImageSamplerTests.cs(27,24): warning CS0618: 'OverlandWorldgen.Generate(uint, OverlandParameters)' artık kullanılmıyor: 'B28: test-only. Production uses Generate(GeneratedWorld, parameters); this flat-seed overload builds a DIFFERENT map for the same seed (planet pipeline vs default). Live callers migrated 2026-07-25.' [D:\projects\alcyone-ember-rpg\tools\validation\fallback\ValidationFallbackHarness.csproj]
D:\projects\alcyone-ember-rpg\Assets\Tests\EditMode\Overland\OverlandMapImageSamplerTests.cs(72,23): warning CS0618: 'OverlandWorldgen.Generate(uint, OverlandParameters)' artık kullanılmıyor: 'B28: test-only. Production uses Generate(GeneratedWorld, parameters); this flat-seed overload builds a DIFFERENT map for the same seed (planet pipeline vs default). Live callers migrated 2026-07-25.' [D:\projects\alcyone-ember-rpg\tools\validation\fallback\ValidationFallbackHarness.csproj]
  ValidationFallbackHarness -> D:\projects\alcyone-ember-rpg\validation-output\fallback-harness\bin\net8.0\ValidationFallbackHarness.dll
D:\projects\alcyone-ember-rpg\validation-output\fallback-harness\bin\net8.0\ValidationFallbackHarness.dll (.NETCoreApp,Version=v8.0) için test çalıştırması
VSTest sürümü 17.11.1 (x64)

Test yürütmesi başlatılıyor, lütfen bekleyin...
Toplam 1 test dosyası belirtilen desenle eşleşti.
D:\projects\alcyone-ember-rpg\validation-output\fallback-harness\bin\net8.0\ValidationFallbackHarness.dll
NUnit Adapter 4.6.0.0: Test execution started
Running selected tests in D:\projects\alcyone-ember-rpg\validation-output\fallback-harness\bin\net8.0\ValidationFallbackHarness.dll
   NUnit3TestExecutor discovered 5 of 5 NUnit test cases using Current Discovery mode, Non-Explicit run
STORY actor=Sage Nera#2: None/None->MoveToFood/Running(ReservationAcquired)@1802; MoveToFood/Running->MoveToFood/Succeeded(Arrived)@1814; MoveToFood/Succeeded->TakeFood/Running(ProgressTicked)@1815; TakeFood/Running->TakeFood/Succeeded(ProgressTicked)@1815; TakeFood/Succeeded->ConsumeFood/Running(ProgressTicked)@1816; ConsumeFood/Running->ConsumeFood/Succeeded(Completed)@1818
STORY actor=Quartermaster Ivo#3: None/None->MoveToFood/Running(ReservationAcquired)@1802; MoveToFood/Running->MoveToFood/Succeeded(Arrived)@1809; MoveToFood/Succeeded->TakeFood/Running(ProgressTicked)@1810; TakeFood/Running->TakeFood/Succeeded(ProgressTicked)@1810; TakeFood/Succeeded->ConsumeFood/Running(ProgressTicked)@1811; ConsumeFood/Running->ConsumeFood/Succeeded(Completed)@1813
STORY actor=Sentinel Rook#4: None/None->MoveToFood/Running(ReservationAcquired)@1802; MoveToFood/Running->MoveToFood/Succeeded(Arrived)@1810; MoveToFood/Succeeded->TakeFood/Running(ProgressTicked)@1811; TakeFood/Running->TakeFood/Succeeded(ProgressTicked)@1811; TakeFood/Succeeded->ConsumeFood/Running(ProgressTicked)@1812; ConsumeFood/Running->ConsumeFood/Succeeded(Completed)@1814
STORY actor=Ash Rat#5: None/None->Hunt/Running(TargetSelected)@660; Hunt/Running->Hunt/Failed(InterruptPreempted)@660
STORY actor=Miller Besk#100: None/None->MoveToFood/Running(ReservationAcquired)@1802; MoveToFood/Running->MoveToFood/Succeeded(Arrived)@1813; MoveToFood/Succeeded->TakeFood/Running(ProgressTicked)@1814; TakeFood/Running->TakeFood/Succeeded(ProgressTicked)@1814; TakeFood/Succeeded->ConsumeFood/Running(ProgressTicked)@1815; ConsumeFood/Running->ConsumeFood/Succeeded(Completed)@1817

  Başarılı MidActionSaveLoad_ContinuesWithTheUninterruptedDigest [303 ms]
  Başarılı OneDay_HasAtMostOneAutonomousStepAndNoFakeMovementProgress [174 ms]
  Standart Çıkış İletileri:
 STORY actor=Sage Nera#2: None/None->MoveToFood/Running(ReservationAcquired)@1802; MoveToFood/Running->MoveToFood/Succeeded(Arrived)@1814; MoveToFood/Succeeded->TakeFood/Running(ProgressTicked)@1815; TakeFood/Running->TakeFood/Succeeded(ProgressTicked)@1815; TakeFood/Succeeded->ConsumeFood/Running(ProgressTicked)@1816; ConsumeFood/Running->ConsumeFood/Succeeded(Completed)@1818
 STORY actor=Quartermaster Ivo#3: None/None->MoveToFood/Running(ReservationAcquired)@1802; MoveToFood/Running->MoveToFood/Succeeded(Arrived)@1809; MoveToFood/Succeeded->TakeFood/Running(ProgressTicked)@1810; TakeFood/Running->TakeFood/Succeeded(ProgressTicked)@1810; TakeFood/Succeeded->ConsumeFood/Running(ProgressTicked)@1811; ConsumeFood/Running->ConsumeFood/Succeeded(Completed)@1813
 STORY actor=Sentinel Rook#4: None/None->MoveToFood/Running(ReservationAcquired)@1802; MoveToFood/Running->MoveToFood/Succeeded(Arrived)@1810; MoveToFood/Succeeded->TakeFood/Running(ProgressTicked)@1811; TakeFood/Running->TakeFood/Succeeded(ProgressTicked)@1811; TakeFood/Succeeded->ConsumeFood/Running(ProgressTicked)@1812; ConsumeFood/Running->ConsumeFood/Succeeded(Completed)@1814
 STORY actor=Ash Rat#5: None/None->Hunt/Running(TargetSelected)@660; Hunt/Running->Hunt/Failed(InterruptPreempted)@660
 STORY actor=Miller Besk#100: None/None->MoveToFood/Running(ReservationAcquired)@1802; MoveToFood/Running->MoveToFood/Succeeded(Arrived)@1813; MoveToFood/Succeeded->TakeFood/Running(ProgressTicked)@1814; TakeFood/Running->TakeFood/Succeeded(ProgressTicked)@1814; TakeFood/Succeeded->ConsumeFood/Running(ProgressTicked)@1815; ConsumeFood/Running->ConsumeFood/Succeeded(Completed)@1817


  Başarılı SameSeedAndInput_ProduceSameDigestActionAndEventSequence(1) [338 ms]
  Başarılı SameSeedAndInput_ProduceSameDigestActionAndEventSequence(7) [966 ms]
NUnit Adapter 4.6.0.0: Test execution complete
  Başarılı SameSeedAndInput_ProduceSameDigestActionAndEventSequence(30) [2 s]

Test Çalıştırması Başarılı.
Toplam test sayısı: 5
     Geçti: 5
 Toplam süre: 5,6747 Saniye
