PRE-FIX: WorldSaveMapper omitted WorldState.HuntTargets entirely, so any mid-hunt roundtrip lost HunterId/TargetId/UntilMinutes and the first restored Hunt advancement failed TargetGone/NoFoodFound instead of continuing.
COMMAND: dotnet test tools\validation\fallback\ValidationFallbackHarness.csproj --no-restore --filter "FullyQualifiedName~ActorSaveMapperTests|FullyQualifiedName~SaveLoadDigestRoundtripTests|FullyQualifiedName~WorldSaveMapperGoldenRoundtripTests|FullyQualifiedName~EatStoryChainTests|FullyQualifiedName~FarmStoryChainTests|FullyQualifiedName~SleepWorkStoryChainTests|FullyQualifiedName~WorkStoryChainTests|FullyQualifiedName~GuardOnWatchStoryTests|FullyQualifiedName~EnemyHuntStoryTests" --logger "console;verbosity=normal"
D:\projects\alcyone-ember-rpg\Assets\Tests\EditMode\WorldDirector\WorldGeoSamplerTests.cs(16,45): warning CS0618: 'OverlandWorldgen.Generate(uint, OverlandParameters)' artık kullanılmıyor: 'B28: test-only. Production uses Generate(GeneratedWorld, parameters); this flat-seed overload builds a DIFFERENT map for the same seed (planet pipeline vs default). Live callers migrated 2026-07-25.' [D:\projects\alcyone-ember-rpg\tools\validation\fallback\ValidationFallbackHarness.csproj]
D:\projects\alcyone-ember-rpg\Assets\Tests\EditMode\Overland\OverlandWorldgenTests.cs(23,24): warning CS0618: 'OverlandWorldgen.Generate(uint, OverlandParameters)' artık kullanılmıyor: 'B28: test-only. Production uses Generate(GeneratedWorld, parameters); this flat-seed overload builds a DIFFERENT map for the same seed (planet pipeline vs default). Live callers migrated 2026-07-25.' [D:\projects\alcyone-ember-rpg\tools\validation\fallback\ValidationFallbackHarness.csproj]
D:\projects\alcyone-ember-rpg\Assets\Tests\EditMode\Overland\OverlandWorldgenTests.cs(24,24): warning CS0618: 'OverlandWorldgen.Generate(uint, OverlandParameters)' artık kullanılmıyor: 'B28: test-only. Production uses Generate(GeneratedWorld, parameters); this flat-seed overload builds a DIFFERENT map for the same seed (planet pipeline vs default). Live callers migrated 2026-07-25.' [D:\projects\alcyone-ember-rpg\tools\validation\fallback\ValidationFallbackHarness.csproj]
D:\projects\alcyone-ember-rpg\Assets\Tests\EditMode\Overland\OverlandWorldgenTests.cs(33,24): warning CS0618: 'OverlandWorldgen.Generate(uint, OverlandParameters)' artık kullanılmıyor: 'B28: test-only. Production uses Generate(GeneratedWorld, parameters); this flat-seed overload builds a DIFFERENT map for the same seed (planet pipeline vs default). Live callers migrated 2026-07-25.' [D:\projects\alcyone-ember-rpg\tools\validation\fallback\ValidationFallbackHarness.csproj]
D:\projects\alcyone-ember-rpg\Assets\Tests\EditMode\Overland\OverlandWorldgenTests.cs(34,24): warning CS0618: 'OverlandWorldgen.Generate(uint, OverlandParameters)' artık kullanılmıyor: 'B28: test-only. Production uses Generate(GeneratedWorld, parameters); this flat-seed overload builds a DIFFERENT map for the same seed (planet pipeline vs default). Live callers migrated 2026-07-25.' [D:\projects\alcyone-ember-rpg\tools\validation\fallback\ValidationFallbackHarness.csproj]
D:\projects\alcyone-ember-rpg\Assets\Tests\EditMode\Overland\OverlandWorldgenTests.cs(123,23): warning CS0618: 'OverlandWorldgen.Generate(uint, OverlandParameters)' artık kullanılmıyor: 'B28: test-only. Production uses Generate(GeneratedWorld, parameters); this flat-seed overload builds a DIFFERENT map for the same seed (planet pipeline vs default). Live callers migrated 2026-07-25.' [D:\projects\alcyone-ember-rpg\tools\validation\fallback\ValidationFallbackHarness.csproj]
D:\projects\alcyone-ember-rpg\Assets\Tests\EditMode\Overland\OverlandWorldgenTests.cs(189,23): warning CS0618: 'OverlandWorldgen.Generate(uint, OverlandParameters)' artık kullanılmıyor: 'B28: test-only. Production uses Generate(GeneratedWorld, parameters); this flat-seed overload builds a DIFFERENT map for the same seed (planet pipeline vs default). Live callers migrated 2026-07-25.' [D:\projects\alcyone-ember-rpg\tools\validation\fallback\ValidationFallbackHarness.csproj]
D:\projects\alcyone-ember-rpg\Assets\Tests\EditMode\Overland\OverlandMapImageSamplerTests.cs(13,24): warning CS0618: 'OverlandWorldgen.Generate(uint, OverlandParameters)' artık kullanılmıyor: 'B28: test-only. Production uses Generate(GeneratedWorld, parameters); this flat-seed overload builds a DIFFERENT map for the same seed (planet pipeline vs default). Live callers migrated 2026-07-25.' [D:\projects\alcyone-ember-rpg\tools\validation\fallback\ValidationFallbackHarness.csproj]
D:\projects\alcyone-ember-rpg\Assets\Tests\EditMode\Overland\OverlandMapImageSamplerTests.cs(14,24): warning CS0618: 'OverlandWorldgen.Generate(uint, OverlandParameters)' artık kullanılmıyor: 'B28: test-only. Production uses Generate(GeneratedWorld, parameters); this flat-seed overload builds a DIFFERENT map for the same seed (planet pipeline vs default). Live callers migrated 2026-07-25.' [D:\projects\alcyone-ember-rpg\tools\validation\fallback\ValidationFallbackHarness.csproj]
D:\projects\alcyone-ember-rpg\Assets\Tests\EditMode\Overland\OverlandMapImageSamplerTests.cs(26,24): warning CS0618: 'OverlandWorldgen.Generate(uint, OverlandParameters)' artık kullanılmıyor: 'B28: test-only. Production uses Generate(GeneratedWorld, parameters); this flat-seed overload builds a DIFFERENT map for the same seed (planet pipeline vs default). Live callers migrated 2026-07-25.' [D:\projects\alcyone-ember-rpg\tools\validation\fallback\ValidationFallbackHarness.csproj]
D:\projects\alcyone-ember-rpg\Assets\Tests\EditMode\Overland\OverlandMapImageSamplerTests.cs(27,24): warning CS0618: 'OverlandWorldgen.Generate(uint, OverlandParameters)' artık kullanılmıyor: 'B28: test-only. Production uses Generate(GeneratedWorld, parameters); this flat-seed overload builds a DIFFERENT map for the same seed (planet pipeline vs default). Live callers migrated 2026-07-25.' [D:\projects\alcyone-ember-rpg\tools\validation\fallback\ValidationFallbackHarness.csproj]
D:\projects\alcyone-ember-rpg\Assets\Tests\EditMode\Overland\OverlandMapImageSamplerTests.cs(72,23): warning CS0618: 'OverlandWorldgen.Generate(uint, OverlandParameters)' artık kullanılmıyor: 'B28: test-only. Production uses Generate(GeneratedWorld, parameters); this flat-seed overload builds a DIFFERENT map for the same seed (planet pipeline vs default). Live callers migrated 2026-07-25.' [D:\projects\alcyone-ember-rpg\tools\validation\fallback\ValidationFallbackHarness.csproj]
  ValidationFallbackHarness -> D:\projects\alcyone-ember-rpg\validation-output\fallback-harness\bin\net8.0\ValidationFallbackHarness.dll
D:\projects\alcyone-ember-rpg\validation-output\fallback-harness\bin\net8.0\ValidationFallbackHarness.dll (.NETCoreApp,Version=v8.0) için test çalıştırması
VSTest sürümü 17.11.1 (x64)

Test yürütmesi başlatılıyor, lütfen bekleyin...
Toplam 1 test dosyası belirtilen desenle eşleşti.
NUnit Adapter 4.6.0.0: Test execution started
Running selected tests in D:\projects\alcyone-ember-rpg\validation-output\fallback-harness\bin\net8.0\ValidationFallbackHarness.dll
   NUnit3TestExecutor discovered 34 of 34 NUnit test cases using Current Discovery mode, Non-Explicit run
  Başarılı OneEpisode_LogsTheFullChain_InCauseOrder_UnderOneIdentity [104 ms]
  Başarılı EnemyClosesInAndStrikesUntilTargetIsMauled [15 ms]
  Başarılı EnemyHuntProjectsAsHuntNotAsGuess [< 1 ms]
  Başarılı EnemyWithNoPreyInRangeStaysIdleAndOpensNoRow [< 1 ms]
  Başarılı HuntCadenceWait_DoesNotMoveOrIncrementProgress [6 ms]
  Başarılı HuntNoRoute_FailsWithoutProgress_AndRemovesTargetClaim [1 ms]
  Başarılı HuntOppositeIntegerBoundaries_DoesNotFalseArriveOrThrow [1 ms]
  Başarılı ShortageToMeal_TheChainLivesInCauseOrder [123 ms]
  Başarılı GuardOnWatchProjectsAsOnWatchNotAsGuess [< 1 ms]
  Başarılı OnWatchWalksTheBeatAndCompletes [4 ms]
  Başarılı PursuitInterruptsOnWatchOnNextAdvance [1 ms]
  Başarılı TwoDayHorizon_ContainsAWorkThenSleepThenWork_Cycle [38 ms]
  Başarılı PostedSmeltJob_BecomesABodiedChain_AndTheIngotLandsInTheSitePile [2 ms]
  Başarılı Load_CorruptActionBlock_NormalizesToIdle [9 ms]
  Başarılı Roundtrip_IdleActionState_StaysIdle [< 1 ms]
  Başarılı Roundtrip_PopulatedActionState_IsFieldIdentical [< 1 ms]
  Başarılı Roundtrip_PreservesHomeAndDayAnchor [< 1 ms]
  Başarılı Roundtrip_SelectedRunningActionFamily_PreservesSemanticState(Eat,ConsumeFood,0) [1 ms]
  Başarılı Roundtrip_SelectedRunningActionFamily_PreservesSemanticState(Plant,PlantSeed,0) [< 1 ms]
  Başarılı Roundtrip_SelectedRunningActionFamily_PreservesSemanticState(Harvest,HarvestCrop,2) [< 1 ms]
  Başarılı Roundtrip_SelectedRunningActionFamily_PreservesSemanticState(Harvest,HaulCrop,2) [< 1 ms]
  Başarılı Roundtrip_SelectedRunningActionFamily_PreservesSemanticState(Rest,Sleep,0) [< 1 ms]
  Başarılı Roundtrip_SelectedRunningActionFamily_PreservesSemanticState(Work,PerformWork,0) [< 1 ms]
  Başarılı Roundtrip_SelectedRunningActionFamily_PreservesSemanticState(Watch,OnWatch,0) [< 1 ms]
  Başarılı Roundtrip_SelectedRunningActionFamily_PreservesSemanticState(Hunt,Hunt,0) [< 1 ms]
  Başarılı EnsureInvariants_RepairsEveryCanonicalMutableCollectionRoot [3 ms]
  Başarılı LegacySaveWithoutHuntFields_LoadsEmpty_ThenRunningHuntFailsDeterministically [43 ms]
NUnit Adapter 4.6.0.0: Test execution complete
  Başarılı MidFlightEatEpisode_SurvivesRoundtrip_TripleIntact [11 ms]
  Başarılı MidFlightFarmEpisode_SurvivesRoundtrip_HandsAndClaimsIntact [6 ms]
  Başarılı MidFlightSleepAndWorkEpisodes_SurviveRoundtrip_RowsIntact [1 ms]
  Başarılı MidHunt_SurvivesRoundtrip_AndFirstRestoredTickContinuesDeterministically [6 ms]
  Başarılı SaveThenLoad_PreservesWorldDigest [29 ms]
  Başarılı WorldQuests_SurviveSaveLoadRoundtrip [3 ms]
  Başarılı RepresentativeWorld_DoubleRoundtrip_IsFieldIdentical [29 ms]

Test Çalıştırması Başarılı.
Toplam test sayısı: 34
     Geçti: 34
 Toplam süre: 1,4000 Saniye

REVALIDATION: real schema-v0 JSON fixture added; PRD-03 line-shifted writer identities refreshed; terminal Hunt/Strike target relationships now clean up on target loss, interruption and unreachable failure.
COMMAND: dotnet test tools\validation\fallback\ValidationFallbackHarness.csproj --no-restore --filter "FullyQualifiedName~ActorSaveMapperTests|FullyQualifiedName~SaveLoadDigestRoundtripTests|FullyQualifiedName~WorldSaveMapperGoldenRoundtripTests|FullyQualifiedName~EatStoryChainTests|FullyQualifiedName~FarmStoryChainTests|FullyQualifiedName~SleepWorkStoryChainTests|FullyQualifiedName~WorkStoryChainTests|FullyQualifiedName~GuardOnWatchStoryTests|FullyQualifiedName~EnemyHuntStoryTests|FullyQualifiedName~FieldOwnershipRegistryTests" --logger "console;verbosity=normal"
D:\projects\alcyone-ember-rpg\Assets\Tests\EditMode\WorldDirector\WorldGeoSamplerTests.cs(16,45): warning CS0618: 'OverlandWorldgen.Generate(uint, OverlandParameters)' artık kullanılmıyor: 'B28: test-only. Production uses Generate(GeneratedWorld, parameters); this flat-seed overload builds a DIFFERENT map for the same seed (planet pipeline vs default). Live callers migrated 2026-07-25.' [D:\projects\alcyone-ember-rpg\tools\validation\fallback\ValidationFallbackHarness.csproj]
D:\projects\alcyone-ember-rpg\Assets\Tests\EditMode\Overland\OverlandWorldgenTests.cs(23,24): warning CS0618: 'OverlandWorldgen.Generate(uint, OverlandParameters)' artık kullanılmıyor: 'B28: test-only. Production uses Generate(GeneratedWorld, parameters); this flat-seed overload builds a DIFFERENT map for the same seed (planet pipeline vs default). Live callers migrated 2026-07-25.' [D:\projects\alcyone-ember-rpg\tools\validation\fallback\ValidationFallbackHarness.csproj]
D:\projects\alcyone-ember-rpg\Assets\Tests\EditMode\Overland\OverlandWorldgenTests.cs(24,24): warning CS0618: 'OverlandWorldgen.Generate(uint, OverlandParameters)' artık kullanılmıyor: 'B28: test-only. Production uses Generate(GeneratedWorld, parameters); this flat-seed overload builds a DIFFERENT map for the same seed (planet pipeline vs default). Live callers migrated 2026-07-25.' [D:\projects\alcyone-ember-rpg\tools\validation\fallback\ValidationFallbackHarness.csproj]
D:\projects\alcyone-ember-rpg\Assets\Tests\EditMode\Overland\OverlandWorldgenTests.cs(33,24): warning CS0618: 'OverlandWorldgen.Generate(uint, OverlandParameters)' artık kullanılmıyor: 'B28: test-only. Production uses Generate(GeneratedWorld, parameters); this flat-seed overload builds a DIFFERENT map for the same seed (planet pipeline vs default). Live callers migrated 2026-07-25.' [D:\projects\alcyone-ember-rpg\tools\validation\fallback\ValidationFallbackHarness.csproj]
D:\projects\alcyone-ember-rpg\Assets\Tests\EditMode\Overland\OverlandWorldgenTests.cs(34,24): warning CS0618: 'OverlandWorldgen.Generate(uint, OverlandParameters)' artık kullanılmıyor: 'B28: test-only. Production uses Generate(GeneratedWorld, parameters); this flat-seed overload builds a DIFFERENT map for the same seed (planet pipeline vs default). Live callers migrated 2026-07-25.' [D:\projects\alcyone-ember-rpg\tools\validation\fallback\ValidationFallbackHarness.csproj]
D:\projects\alcyone-ember-rpg\Assets\Tests\EditMode\Overland\OverlandWorldgenTests.cs(123,23): warning CS0618: 'OverlandWorldgen.Generate(uint, OverlandParameters)' artık kullanılmıyor: 'B28: test-only. Production uses Generate(GeneratedWorld, parameters); this flat-seed overload builds a DIFFERENT map for the same seed (planet pipeline vs default). Live callers migrated 2026-07-25.' [D:\projects\alcyone-ember-rpg\tools\validation\fallback\ValidationFallbackHarness.csproj]
D:\projects\alcyone-ember-rpg\Assets\Tests\EditMode\Overland\OverlandWorldgenTests.cs(189,23): warning CS0618: 'OverlandWorldgen.Generate(uint, OverlandParameters)' artık kullanılmıyor: 'B28: test-only. Production uses Generate(GeneratedWorld, parameters); this flat-seed overload builds a DIFFERENT map for the same seed (planet pipeline vs default). Live callers migrated 2026-07-25.' [D:\projects\alcyone-ember-rpg\tools\validation\fallback\ValidationFallbackHarness.csproj]
D:\projects\alcyone-ember-rpg\Assets\Tests\EditMode\Overland\OverlandMapImageSamplerTests.cs(13,24): warning CS0618: 'OverlandWorldgen.Generate(uint, OverlandParameters)' artık kullanılmıyor: 'B28: test-only. Production uses Generate(GeneratedWorld, parameters); this flat-seed overload builds a DIFFERENT map for the same seed (planet pipeline vs default). Live callers migrated 2026-07-25.' [D:\projects\alcyone-ember-rpg\tools\validation\fallback\ValidationFallbackHarness.csproj]
D:\projects\alcyone-ember-rpg\Assets\Tests\EditMode\Overland\OverlandMapImageSamplerTests.cs(14,24): warning CS0618: 'OverlandWorldgen.Generate(uint, OverlandParameters)' artık kullanılmıyor: 'B28: test-only. Production uses Generate(GeneratedWorld, parameters); this flat-seed overload builds a DIFFERENT map for the same seed (planet pipeline vs default). Live callers migrated 2026-07-25.' [D:\projects\alcyone-ember-rpg\tools\validation\fallback\ValidationFallbackHarness.csproj]
D:\projects\alcyone-ember-rpg\Assets\Tests\EditMode\Overland\OverlandMapImageSamplerTests.cs(26,24): warning CS0618: 'OverlandWorldgen.Generate(uint, OverlandParameters)' artık kullanılmıyor: 'B28: test-only. Production uses Generate(GeneratedWorld, parameters); this flat-seed overload builds a DIFFERENT map for the same seed (planet pipeline vs default). Live callers migrated 2026-07-25.' [D:\projects\alcyone-ember-rpg\tools\validation\fallback\ValidationFallbackHarness.csproj]
D:\projects\alcyone-ember-rpg\Assets\Tests\EditMode\Overland\OverlandMapImageSamplerTests.cs(27,24): warning CS0618: 'OverlandWorldgen.Generate(uint, OverlandParameters)' artık kullanılmıyor: 'B28: test-only. Production uses Generate(GeneratedWorld, parameters); this flat-seed overload builds a DIFFERENT map for the same seed (planet pipeline vs default). Live callers migrated 2026-07-25.' [D:\projects\alcyone-ember-rpg\tools\validation\fallback\ValidationFallbackHarness.csproj]
D:\projects\alcyone-ember-rpg\Assets\Tests\EditMode\Overland\OverlandMapImageSamplerTests.cs(72,23): warning CS0618: 'OverlandWorldgen.Generate(uint, OverlandParameters)' artık kullanılmıyor: 'B28: test-only. Production uses Generate(GeneratedWorld, parameters); this flat-seed overload builds a DIFFERENT map for the same seed (planet pipeline vs default). Live callers migrated 2026-07-25.' [D:\projects\alcyone-ember-rpg\tools\validation\fallback\ValidationFallbackHarness.csproj]
  ValidationFallbackHarness -> D:\projects\alcyone-ember-rpg\validation-output\fallback-harness\bin\net8.0\ValidationFallbackHarness.dll
D:\projects\alcyone-ember-rpg\validation-output\fallback-harness\bin\net8.0\ValidationFallbackHarness.dll (.NETCoreApp,Version=v8.0) için test çalıştırması
VSTest sürümü 17.11.1 (x64)

Test yürütmesi başlatılıyor, lütfen bekleyin...
Toplam 1 test dosyası belirtilen desenle eşleşti.
NUnit Adapter 4.6.0.0: Test execution started
Running selected tests in D:\projects\alcyone-ember-rpg\validation-output\fallback-harness\bin\net8.0\ValidationFallbackHarness.dll
   NUnit3TestExecutor discovered 46 of 46 NUnit test cases using Current Discovery mode, Non-Explicit run
  Başarılı OneEpisode_LogsTheFullChain_InCauseOrder_UnderOneIdentity [181 ms]
  Başarısız EnemyClosesInAndStrikesUntilTargetIsMauled [77 ms]
  Hata İletisi:
     StrikeQuarryAdvancer resolved at least one CombatResolved through CombatOperations
Assert.That(strikeCount, Is.GreaterThan(0))
  Expected: greater than 0
  But was:  0

  Yığın İzleme:
     at EmberCrpg.Tests.EditMode.Actions.EnemyHuntStoryTests.EnemyClosesInAndStrikesUntilTargetIsMauled() in D:\projects\alcyone-ember-rpg\Assets\Tests\EditMode\Actions\EnemyHuntStoryTests.cs:line 67

1)    at EmberCrpg.Tests.EditMode.Actions.EnemyHuntStoryTests.EnemyClosesInAndStrikesUntilTargetIsMauled() in D:\projects\alcyone-ember-rpg\Assets\Tests\EditMode\Actions\EnemyHuntStoryTests.cs:line 67


  Başarılı EnemyHuntProjectsAsHuntNotAsGuess [1 ms]
  Başarılı EnemyWithNoPreyInRangeStaysIdleAndOpensNoRow [1 ms]
  Başarılı HuntCadenceWait_DoesNotMoveOrIncrementProgress [5 ms]
  Başarılı HuntInterruptedByPursuit_RemovesRelationship [8 ms]
  Başarılı HuntNoRoute_FailsWithoutProgress_AndRemovesTargetClaim [1 ms]
  Başarılı HuntOppositeIntegerBoundaries_DoesNotFalseArriveOrThrow [3 ms]
  Başarılı HuntTerminalTargetLoss_FailsAndRemovesRelationship("expired") [< 1 ms]
  Başarılı HuntTerminalTargetLoss_FailsAndRemovesRelationship("dead") [< 1 ms]
  Başarılı HuntTerminalTargetLoss_FailsAndRemovesRelationship("missing") [< 1 ms]
  Başarılı StrikeQuarryMissingTarget_FailsAndRemovesRelationship [< 1 ms]
  Başarılı ShortageToMeal_TheChainLivesInCauseOrder [259 ms]
  Başarılı GuardOnWatchProjectsAsOnWatchNotAsGuess [< 1 ms]
  Başarılı OnWatchWalksTheBeatAndCompletes [3 ms]
  Başarılı PursuitInterruptsOnWatchOnNextAdvance [2 ms]
  Başarılı TwoDayHorizon_ContainsAWorkThenSleepThenWork_Cycle [54 ms]
  Başarılı PostedSmeltJob_BecomesABodiedChain_AndTheIngotLandsInTheSitePile [3 ms]
INVENTORY Actor.ActionState/invoke-or-direct-assign count=6
  Assets/Scripts/Data/Save/ActorSaveMapper.cs:169::record.ApplyActionState(ActorActionStateSaveReader.Read(save));
  Assets/Scripts/Domain/Actors/ActorRecord.cs:119::copy.ApplyActionState(ActionState);
  Assets/Scripts/Domain/Actors/ActorRecord.cs:178::ActionState = actionState;
  Assets/Scripts/Domain/Actors/ActorRecord.cs:60::ActionState = actionState;
  Assets/Scripts/Simulation/Living/Actions/ActionAdvancer.cs:54::actor.ApplyActionState(next);
  Assets/Scripts/Simulation/World/PlayerLevelUpService.cs:152::copy.ApplyActionState(source.ActionState);
INVENTORY Actor.Position/.MoveTo count=26
  Assets/Scripts/Presentation/Ember/Adapters/DomainSimulationAdapter.Combat.Spells.cs:143::player.MoveTo(CenterOfSite(SettlementSiteId(CurrentSettlementOrStart)));
  Assets/Scripts/Presentation/Ember/Adapters/DomainSimulationAdapter.Combat.Spells.cs:59::player.MoveTo(liveCastPosition);
  Assets/Scripts/Presentation/Ember/Adapters/DomainSimulationAdapter.Travel.cs:57::player.MoveTo(CenterOfSite(SettlementSiteId(settlement.Id)));
  Assets/Scripts/Presentation/Ember/Adapters/DomainSimulationAdapter.WorldEncounter.cs:1004::target.MoveTo(new EmberCrpg.Domain.Actors.GridPosition(castFrom.X + 3, castFrom.Y));
  Assets/Scripts/Presentation/Ember/Adapters/DomainSimulationAdapter.WorldEncounter.cs:1033::actor.MoveTo(new EmberCrpg.Domain.Actors.GridPosition(center.X + (posted - 1) * 2, center.Y));
  Assets/Scripts/Presentation/Ember/Adapters/DomainSimulationAdapter.WorldEncounter.cs:276::hostile.MoveTo(new GridPosition(
  Assets/Scripts/Presentation/Ember/Adapters/DomainSimulationAdapter.WorldEncounter.cs:295::hostile.MoveTo(new GridPosition(hostile.Position.X + dx, hostile.Position.Y + dy));
  Assets/Scripts/Presentation/Ember/Adapters/DomainSimulationAdapter.WorldEncounter.cs:370::player.MoveTo(CenterOfSite(SettlementSiteId(here)));
  Assets/Scripts/Presentation/Ember/Adapters/DomainSimulationAdapter.WorldEncounter.cs:406::outlaw.MoveTo(new GridPosition(player.Position.X + 1, player.Position.Y)); // the duel is adjacent
  Assets/Scripts/Presentation/Ember/Adapters/DomainSimulationAdapter.WorldEncounter.cs:493::dummy.MoveTo(new GridPosition(player.Position.X + 1, player.Position.Y));
  Assets/Scripts/Presentation/Ember/Adapters/DomainSimulationAdapter.WorldEncounter.cs:665::host.MoveTo(tavernGrid);
  Assets/Scripts/Presentation/Ember/Adapters/DomainSimulationAdapter.WorldEncounter.cs:682::player.MoveTo(new EmberCrpg.Domain.Actors.GridPosition(target.Position.X + 1, target.Position.Y));
  Assets/Scripts/Presentation/Ember/Adapters/DomainSimulationAdapter.Worldgen.Npcs.cs:140::worker.MoveTo(preferredSmithPosition);
  Assets/Scripts/Presentation/Ember/Adapters/DomainSimulationAdapter.Worldgen.Player.cs:45::player.MoveTo(CenterOfSite(SettlementSiteId(StartingSettlement)));
  Assets/Scripts/Simulation/Living/Actions/HaulCropAdvancer.cs:45::actor.MoveTo(MovementService.StepToward(actor.Position, centre, world?.NavView));
  Assets/Scripts/Simulation/Living/Actions/HuntAdvancer.cs:62::actor.MoveTo(movement.Position);
  Assets/Scripts/Simulation/Living/Actions/MoveToBedAdvancer.cs:50::actor.MoveTo(movement.Position);
  Assets/Scripts/Simulation/Living/Actions/MoveToFoodAdvancer.cs:46::actor.MoveTo(movement.Position);
  Assets/Scripts/Simulation/Living/Actions/MoveToPlotAdvancer.cs:79::actor.MoveTo(movement.Position);
  Assets/Scripts/Simulation/Living/Actions/MoveToWorksiteAdvancer.cs:55::actor.MoveTo(movement.Position);
  Assets/Scripts/Simulation/Living/Actions/OnWatchAdvancer.cs:45::actor.MoveTo(MovementService.StepToward(actor.Position, post, world?.NavView));
  Assets/Scripts/Simulation/Living/CascadeSystems.cs:205::witness.MoveTo(MovementService.StepToward(witness.Position, nearGuard.Position, world.NavView));
  Assets/Scripts/Simulation/Living/CascadeSystems.cs:223::guard.MoveTo(MovementService.StepToward(guard.Position, attacker.Position, world.NavView));
  Assets/Scripts/Simulation/Living/CascadeSystems.cs:74::hunter.MoveTo(MovementService.StepToward(hunter.Position, prey.Position, world.NavView));
  Assets/Scripts/Simulation/Living/CompanionSystem.cs:99::companion.MoveTo(MovementService.StepToward(companion.Position, player.Position, world.NavView));
  Assets/Scripts/Simulation/Living/ScheduleSystem.cs:74::actor.MoveTo(next);
  Başarılı ActorActionState_HasOneAuthoritativeProductionWriter_AndNoHiddenCallsites [472 ms]
  Başarılı CoreMutableFields_HaveDeclaredOwnership [< 1 ms]
  Başarılı CurrentDebt_CompanionFollowAndActionAdvance_CanWriteOneActorPositionInOneTick [5 ms]
  Başarılı EveryDeclaredWriter_IsARealRegisteredSystem_AtItsDeclaredSlot [1 ms]
INVENTORY Actor.Vitals/.ApplyVitals count=25
  Assets/Scripts/Presentation/Ember/Adapters/DomainSimulationAdapter.Combat.Melee.cs:170::target.ApplyVitals(target.Vitals.WithHealth(target.Vitals.Health.Damage(rawDamage)));
  Assets/Scripts/Presentation/Ember/Adapters/DomainSimulationAdapter.Combat.cs:36::player.ApplyVitals(player.Vitals.WithHealth(player.Vitals.Health.Damage(amount)));
  Assets/Scripts/Presentation/Ember/Adapters/DomainSimulationAdapter.Travel.cs:99::player.ApplyVitals(EmberCrpg.Simulation.World.PlayerRestService.RestedVitals(player.Vitals, hoursSlept));
  Assets/Scripts/Presentation/Ember/Adapters/DomainSimulationAdapter.WorldEncounter.cs:1005::target.ApplyVitals(target.Vitals.WithHealth(target.Vitals.Health.Restore(target.Vitals.Health.Max)));
  Assets/Scripts/Presentation/Ember/Adapters/DomainSimulationAdapter.WorldEncounter.cs:362::player.ApplyVitals(new EmberCrpg.Domain.Actors.ActorVitals(
  Assets/Scripts/Presentation/Ember/Adapters/DomainSimulationAdapter.WorldEncounter.cs:503::dummy.ApplyVitals(new EmberCrpg.Domain.Actors.ActorVitals(
  Assets/Scripts/Presentation/Ember/Adapters/DomainSimulationAdapter.WorldEncounter.cs:606::player.ApplyVitals(new EmberCrpg.Domain.Actors.ActorVitals(
  Assets/Scripts/Presentation/Ember/Adapters/DomainSimulationAdapter.WorldEncounter.cs:630::player.ApplyVitals(new EmberCrpg.Domain.Actors.ActorVitals(
  Assets/Scripts/Presentation/Ember/Adapters/DomainSimulationAdapter.WorldEncounter.cs:991::player.ApplyVitals(player.Vitals.WithMana(new VitalStat(40, 40)));
  Assets/Scripts/Simulation/Combat/CombatActionResolver.cs:61::attacker.ApplyVitals(attacker.Vitals.WithFatigue(attacker.Vitals.Fatigue.Damage(action.StaminaCost)));
  Assets/Scripts/Simulation/Combat/CombatActionResolver.cs:72::defender.ApplyVitals(defender.Vitals.WithHealth(defender.Vitals.Health.Damage(damage)));
  Assets/Scripts/Simulation/Combat/CombatMathService.cs:47::defender.ApplyVitals(defender.Vitals.WithHealth(defender.Vitals.Health.Damage(mitigatedDamage)));
  Assets/Scripts/Simulation/Combat/RealtimeDamageService.cs:64::defender.ApplyVitals(defender.Vitals.WithHealth(defender.Vitals.Health.Damage(mitigatedDamage)));
  Assets/Scripts/Simulation/Living/Actions/CombatOperations.cs:73::target.ApplyVitals(new ActorVitals(
  Assets/Scripts/Simulation/Living/CascadeSystems.cs:97::target.ApplyVitals(new ActorVitals(
  Assets/Scripts/Simulation/Magic/SpellCastingService.cs:91::caster.ApplyVitals(caster.Vitals.WithMana(caster.Vitals.Mana.Damage(spell.ManaCost)));
  Assets/Scripts/Simulation/Magic/SpellEffectResolutionService.cs:102::target.ApplyVitals(target.Vitals.WithFatigue(target.Vitals.Fatigue.Damage(effect.Magnitude)));
  Assets/Scripts/Simulation/Magic/SpellEffectResolutionService.cs:73::target.ApplyVitals(target.Vitals.WithHealth(target.Vitals.Health.Damage(effect.Magnitude)));
  Assets/Scripts/Simulation/Magic/SpellEffectResolutionService.cs:78::target.ApplyVitals(target.Vitals.WithHealth(target.Vitals.Health.Restore(effect.Magnitude)));
  Assets/Scripts/Simulation/Magic/SpellEffectResolutionService.cs:84::target.ApplyVitals(target.Vitals.WithFatigue(target.Vitals.Fatigue.Restore(effect.Magnitude)));
  Assets/Scripts/Simulation/Magic/SpellEffectResolutionService.cs:90::target.ApplyVitals(target.Vitals.WithMana(target.Vitals.Mana.Restore(effect.Magnitude)));
  Assets/Scripts/Simulation/Magic/SpellEffectResolutionService.cs:96::target.ApplyVitals(target.Vitals.WithMana(target.Vitals.Mana.Damage(effect.Magnitude)));
  Assets/Scripts/Simulation/Magic/SpellResolver.cs:112::context.TargetActor.ApplyVitals(context.TargetActor.Vitals.WithHealth(context.TargetActor.Vitals.Health.Damage(operation.Magnitude)));
  Assets/Scripts/Simulation/Magic/SpellResolver.cs:118::context.TargetActor.ApplyVitals(context.TargetActor.Vitals.WithHealth(context.TargetActor.Vitals.Health.Restore(operation.Magnitude)));
  Assets/Scripts/Simulation/Magic/SpellResolver.cs:132::context.TargetActor.ApplyVitals(context.TargetActor.Vitals.WithHealth(context.TargetActor.Vitals.Health.Damage(operation.Magnitude)));
INVENTORY Actor.Needs/.ApplyNeeds count=5
  Assets/Scripts/Simulation/Composition/DefaultTickSystems.cs:434::actor.ApplyNeeds(_needs.TickNeeds(actor.Needs));
  Assets/Scripts/Simulation/Living/Actions/ConsumeFoodAdvancer.cs:54::actor.ApplyNeeds(fed);
  Assets/Scripts/Simulation/Living/Actions/SleepAdvancer.cs:66::actor.ApplyNeeds(rested);
  Assets/Scripts/Simulation/Living/NeedRecoverySystem.cs:92::actor.ApplyNeeds(nextNeeds);
  Assets/Scripts/Simulation/Living/NeedsSystem.cs:78::actor.ApplyNeeds(nextNeeds);
  Başarılı MoveToAndApplyVitals_ProductionCallsites_MatchTheRepoRelativeGate [1 s]
INVENTORY World.Stockpiles/add-remove-assign count=28
  Assets/Scripts/Data/Save/SliceJson/WorldSaveMapper.Economy.cs:72::stockpile.Add(entry.itemTag, entry.count);
  Assets/Scripts/Data/Save/SliceJson/WorldSaveMapper.Economy.cs:74::stockpiles.Add(stockpile);
  Assets/Scripts/Data/Save/SliceJson/WorldSaveMapper.cs:196::world.Stockpiles = ToStockpiles(data.stockpiles);
  Assets/Scripts/Domain/Process/StockpileRecipeInventory.cs:25::return _pile.Remove(itemTag, quantity) == quantity;
  Assets/Scripts/Domain/Process/StockpileRecipeInventory.cs:33::_pile.Add(itemTag, quantity);
  Assets/Scripts/Domain/World/WorldState.cs:280::Stockpiles = other.Stockpiles;
  Assets/Scripts/Domain/World/WorldState.cs:46::public List<StockpileComponent> Stockpiles = new List<StockpileComponent>();
  Assets/Scripts/Domain/World/WorldState.cs:85::Stockpiles ??= new List<StockpileComponent>();
  Assets/Scripts/Presentation/Ember/Adapters/DomainSimulationAdapter.Worldgen.Hydration.cs:153::larder.Add("wheat", 150);
  Assets/Scripts/Presentation/Ember/Adapters/DomainSimulationAdapter.Worldgen.Hydration.cs:154::_world.Stockpiles.Add(larder);
  Assets/Scripts/Simulation/Living/Actions/ActionAdvancer.cs:75::FoodOperations.FindPile(world, row.SiteId)?.Add(row.ItemTag, 1);
  Assets/Scripts/Simulation/Living/Actions/ActionAdvancer.cs:81::?.Add(cropTag, state.CarriedUnits);
  Assets/Scripts/Simulation/Living/Actions/ActionLifecycleSystem.cs:263::pile.Add(input.ItemTag, input.Quantity);
  Assets/Scripts/Simulation/Living/Actions/FarmOperations.cs:124::world.Stockpiles.Add(pile);
  Assets/Scripts/Simulation/Living/Actions/HaulCropAdvancer.cs:56::pile.Add(cropTag, state.CarriedUnits);
  Assets/Scripts/Simulation/Living/Actions/PlantSeedAdvancer.cs:77::FarmOperations.PlantIdFor(soil.Id), () => pile.Remove(seedTag, 1) == 1,
  Assets/Scripts/Simulation/Living/Actions/TakeFoodAdvancer.cs:42::pile.Remove(row.ItemTag, 1); // unit is physically in hand now (all-or-nothing)
  Assets/Scripts/Simulation/Living/AmbientLifeSystem.cs:50::pile.Remove(tag, 1);
  Assets/Scripts/Simulation/Magic/SpellResolver.cs:129::context.TerrainStockpile.Remove(requiredTag, 1);
  Assets/Scripts/Simulation/Magic/SpellResolver.cs:130::context.TerrainStockpile.Add(context.ResultTerrainTag, 1);
  Assets/Scripts/Simulation/World/CaravanSystem.cs:50::var loaded = origin?.Remove(route.ItemTag, route.QuantityPerCaravan) ?? 0;
  Assets/Scripts/Simulation/World/CaravanSystem.cs:92::destination.Add(route.ItemTag, caravan.PayloadRemaining);
  Assets/Scripts/Simulation/World/RuntimeHistorySystem.cs:100::world.Stockpiles[0].Add("wheat", CaravanWheat + intensity);
  Assets/Scripts/Simulation/World/WorldFactory.cs:129::furnaceStock.Add("iron", 8);
  Assets/Scripts/Simulation/World/WorldFactory.cs:131::stallStock.Add("coin", 100);
  Assets/Scripts/Simulation/World/WorldFactory.cs:135::stallStock.Add("wheat", 320) /* PLAYTEST maul-survivors eat too: 13 mouths x 5 gate days */;
  Assets/Scripts/Simulation/World/WorldFactory.cs:136::world.Stockpiles.Add(furnaceStock);
  Assets/Scripts/Simulation/World/WorldFactory.cs:137::world.Stockpiles.Add(stallStock);
  Başarılı NeedsAndStockpiles_ProductionMutations_MatchTheExplicitDebtGate [1 s]
  Başarılı Load_CorruptActionBlock_NormalizesToIdle [34 ms]
  Başarılı Roundtrip_IdleActionState_StaysIdle [1 ms]
  Başarılı Roundtrip_PopulatedActionState_IsFieldIdentical [< 1 ms]
  Başarılı Roundtrip_PreservesHomeAndDayAnchor [1 ms]
  Başarılı Roundtrip_SelectedRunningActionFamily_PreservesSemanticState(Eat,ConsumeFood,0) [2 ms]
  Başarılı Roundtrip_SelectedRunningActionFamily_PreservesSemanticState(Plant,PlantSeed,0) [2 ms]
  Başarılı Roundtrip_SelectedRunningActionFamily_PreservesSemanticState(Harvest,HarvestCrop,2) [< 1 ms]
  Başarılı Roundtrip_SelectedRunningActionFamily_PreservesSemanticState(Harvest,HaulCrop,2) [< 1 ms]
  Başarılı Roundtrip_SelectedRunningActionFamily_PreservesSemanticState(Rest,Sleep,0) [< 1 ms]
  Başarılı Roundtrip_SelectedRunningActionFamily_PreservesSemanticState(Work,PerformWork,0) [< 1 ms]
  Başarılı Roundtrip_SelectedRunningActionFamily_PreservesSemanticState(Watch,OnWatch,0) [< 1 ms]
  Başarılı Roundtrip_SelectedRunningActionFamily_PreservesSemanticState(Hunt,Hunt,0) [< 1 ms]
  Başarılı EnsureInvariants_RepairsEveryCanonicalMutableCollectionRoot [2 ms]
  Başarılı LegacyJsonFixtureWithoutHuntFields_CanonicalLoadUsesSafeDeterministicDefault [366 ms]
  Başarılı LegacySaveWithoutHuntFields_LoadsEmpty_ThenRunningHuntFailsDeterministically [93 ms]
  Başarılı MidFlightEatEpisode_SurvivesRoundtrip_TripleIntact [39 ms]
  Başarılı MidFlightFarmEpisode_SurvivesRoundtrip_HandsAndClaimsIntact [8 ms]
NUnit Adapter 4.6.0.0: Test execution complete
  Başarılı MidFlightSleepAndWorkEpisodes_SurviveRoundtrip_RowsIntact [4 ms]
  Başarılı MidHunt_SurvivesRoundtrip_AndFirstRestoredTickContinuesDeterministically [4 ms]
  Başarılı SaveThenLoad_PreservesWorldDigest [109 ms]
  Başarılı WorldQuests_SurviveSaveLoadRoundtrip [3 ms]
  Başarılı RepresentativeWorld_DoubleRoundtrip_IsFieldIdentical [37 ms]

Test Çalıştırması Başarısız.
Toplam test sayısı: 46
     Geçti: 45
     Başarısız: 1
 Toplam süre: 6,4881 Saniye

FIX: Enemy hunt story now waits for the maul outcome rather than treating a correctly cleaned expired relationship as the terminal combat outcome.
COMMAND: dotnet test tools\validation\fallback\ValidationFallbackHarness.csproj --no-restore --filter "FullyQualifiedName~ActorSaveMapperTests|FullyQualifiedName~SaveLoadDigestRoundtripTests|FullyQualifiedName~WorldSaveMapperGoldenRoundtripTests|FullyQualifiedName~EatStoryChainTests|FullyQualifiedName~FarmStoryChainTests|FullyQualifiedName~SleepWorkStoryChainTests|FullyQualifiedName~WorkStoryChainTests|FullyQualifiedName~GuardOnWatchStoryTests|FullyQualifiedName~EnemyHuntStoryTests|FullyQualifiedName~FieldOwnershipRegistryTests" --logger "console;verbosity=normal"
D:\projects\alcyone-ember-rpg\Assets\Tests\EditMode\WorldDirector\WorldGeoSamplerTests.cs(16,45): warning CS0618: 'OverlandWorldgen.Generate(uint, OverlandParameters)' artık kullanılmıyor: 'B28: test-only. Production uses Generate(GeneratedWorld, parameters); this flat-seed overload builds a DIFFERENT map for the same seed (planet pipeline vs default). Live callers migrated 2026-07-25.' [D:\projects\alcyone-ember-rpg\tools\validation\fallback\ValidationFallbackHarness.csproj]
D:\projects\alcyone-ember-rpg\Assets\Tests\EditMode\Overland\OverlandWorldgenTests.cs(23,24): warning CS0618: 'OverlandWorldgen.Generate(uint, OverlandParameters)' artık kullanılmıyor: 'B28: test-only. Production uses Generate(GeneratedWorld, parameters); this flat-seed overload builds a DIFFERENT map for the same seed (planet pipeline vs default). Live callers migrated 2026-07-25.' [D:\projects\alcyone-ember-rpg\tools\validation\fallback\ValidationFallbackHarness.csproj]
D:\projects\alcyone-ember-rpg\Assets\Tests\EditMode\Overland\OverlandWorldgenTests.cs(24,24): warning CS0618: 'OverlandWorldgen.Generate(uint, OverlandParameters)' artık kullanılmıyor: 'B28: test-only. Production uses Generate(GeneratedWorld, parameters); this flat-seed overload builds a DIFFERENT map for the same seed (planet pipeline vs default). Live callers migrated 2026-07-25.' [D:\projects\alcyone-ember-rpg\tools\validation\fallback\ValidationFallbackHarness.csproj]
D:\projects\alcyone-ember-rpg\Assets\Tests\EditMode\Overland\OverlandWorldgenTests.cs(33,24): warning CS0618: 'OverlandWorldgen.Generate(uint, OverlandParameters)' artık kullanılmıyor: 'B28: test-only. Production uses Generate(GeneratedWorld, parameters); this flat-seed overload builds a DIFFERENT map for the same seed (planet pipeline vs default). Live callers migrated 2026-07-25.' [D:\projects\alcyone-ember-rpg\tools\validation\fallback\ValidationFallbackHarness.csproj]
D:\projects\alcyone-ember-rpg\Assets\Tests\EditMode\Overland\OverlandWorldgenTests.cs(34,24): warning CS0618: 'OverlandWorldgen.Generate(uint, OverlandParameters)' artık kullanılmıyor: 'B28: test-only. Production uses Generate(GeneratedWorld, parameters); this flat-seed overload builds a DIFFERENT map for the same seed (planet pipeline vs default). Live callers migrated 2026-07-25.' [D:\projects\alcyone-ember-rpg\tools\validation\fallback\ValidationFallbackHarness.csproj]
D:\projects\alcyone-ember-rpg\Assets\Tests\EditMode\Overland\OverlandMapImageSamplerTests.cs(13,24): warning CS0618: 'OverlandWorldgen.Generate(uint, OverlandParameters)' artık kullanılmıyor: 'B28: test-only. Production uses Generate(GeneratedWorld, parameters); this flat-seed overload builds a DIFFERENT map for the same seed (planet pipeline vs default). Live callers migrated 2026-07-25.' [D:\projects\alcyone-ember-rpg\tools\validation\fallback\ValidationFallbackHarness.csproj]
D:\projects\alcyone-ember-rpg\Assets\Tests\EditMode\Overland\OverlandMapImageSamplerTests.cs(14,24): warning CS0618: 'OverlandWorldgen.Generate(uint, OverlandParameters)' artık kullanılmıyor: 'B28: test-only. Production uses Generate(GeneratedWorld, parameters); this flat-seed overload builds a DIFFERENT map for the same seed (planet pipeline vs default). Live callers migrated 2026-07-25.' [D:\projects\alcyone-ember-rpg\tools\validation\fallback\ValidationFallbackHarness.csproj]
D:\projects\alcyone-ember-rpg\Assets\Tests\EditMode\Overland\OverlandMapImageSamplerTests.cs(26,24): warning CS0618: 'OverlandWorldgen.Generate(uint, OverlandParameters)' artık kullanılmıyor: 'B28: test-only. Production uses Generate(GeneratedWorld, parameters); this flat-seed overload builds a DIFFERENT map for the same seed (planet pipeline vs default). Live callers migrated 2026-07-25.' [D:\projects\alcyone-ember-rpg\tools\validation\fallback\ValidationFallbackHarness.csproj]
D:\projects\alcyone-ember-rpg\Assets\Tests\EditMode\Overland\OverlandMapImageSamplerTests.cs(27,24): warning CS0618: 'OverlandWorldgen.Generate(uint, OverlandParameters)' artık kullanılmıyor: 'B28: test-only. Production uses Generate(GeneratedWorld, parameters); this flat-seed overload builds a DIFFERENT map for the same seed (planet pipeline vs default). Live callers migrated 2026-07-25.' [D:\projects\alcyone-ember-rpg\tools\validation\fallback\ValidationFallbackHarness.csproj]
D:\projects\alcyone-ember-rpg\Assets\Tests\EditMode\Overland\OverlandMapImageSamplerTests.cs(72,23): warning CS0618: 'OverlandWorldgen.Generate(uint, OverlandParameters)' artık kullanılmıyor: 'B28: test-only. Production uses Generate(GeneratedWorld, parameters); this flat-seed overload builds a DIFFERENT map for the same seed (planet pipeline vs default). Live callers migrated 2026-07-25.' [D:\projects\alcyone-ember-rpg\tools\validation\fallback\ValidationFallbackHarness.csproj]
D:\projects\alcyone-ember-rpg\Assets\Tests\EditMode\Overland\OverlandWorldgenTests.cs(123,23): warning CS0618: 'OverlandWorldgen.Generate(uint, OverlandParameters)' artık kullanılmıyor: 'B28: test-only. Production uses Generate(GeneratedWorld, parameters); this flat-seed overload builds a DIFFERENT map for the same seed (planet pipeline vs default). Live callers migrated 2026-07-25.' [D:\projects\alcyone-ember-rpg\tools\validation\fallback\ValidationFallbackHarness.csproj]
D:\projects\alcyone-ember-rpg\Assets\Tests\EditMode\Overland\OverlandWorldgenTests.cs(189,23): warning CS0618: 'OverlandWorldgen.Generate(uint, OverlandParameters)' artık kullanılmıyor: 'B28: test-only. Production uses Generate(GeneratedWorld, parameters); this flat-seed overload builds a DIFFERENT map for the same seed (planet pipeline vs default). Live callers migrated 2026-07-25.' [D:\projects\alcyone-ember-rpg\tools\validation\fallback\ValidationFallbackHarness.csproj]
  ValidationFallbackHarness -> D:\projects\alcyone-ember-rpg\validation-output\fallback-harness\bin\net8.0\ValidationFallbackHarness.dll
D:\projects\alcyone-ember-rpg\validation-output\fallback-harness\bin\net8.0\ValidationFallbackHarness.dll (.NETCoreApp,Version=v8.0) için test çalıştırması
VSTest sürümü 17.11.1 (x64)

Test yürütmesi başlatılıyor, lütfen bekleyin...
Toplam 1 test dosyası belirtilen desenle eşleşti.
NUnit Adapter 4.6.0.0: Test execution started
Running selected tests in D:\projects\alcyone-ember-rpg\validation-output\fallback-harness\bin\net8.0\ValidationFallbackHarness.dll
   NUnit3TestExecutor discovered 46 of 46 NUnit test cases using Current Discovery mode, Non-Explicit run
  Başarılı OneEpisode_LogsTheFullChain_InCauseOrder_UnderOneIdentity [197 ms]
  Başarılı EnemyClosesInAndStrikesUntilTargetIsMauled [22 ms]
  Başarılı EnemyHuntProjectsAsHuntNotAsGuess [1 ms]
  Başarılı EnemyWithNoPreyInRangeStaysIdleAndOpensNoRow [< 1 ms]
  Başarılı HuntCadenceWait_DoesNotMoveOrIncrementProgress [14 ms]
  Başarılı HuntInterruptedByPursuit_RemovesRelationship [6 ms]
  Başarılı HuntNoRoute_FailsWithoutProgress_AndRemovesTargetClaim [3 ms]
  Başarılı HuntOppositeIntegerBoundaries_DoesNotFalseArriveOrThrow [3 ms]
  Başarılı HuntTerminalTargetLoss_FailsAndRemovesRelationship("expired") [< 1 ms]
  Başarılı HuntTerminalTargetLoss_FailsAndRemovesRelationship("dead") [4 ms]
  Başarılı HuntTerminalTargetLoss_FailsAndRemovesRelationship("missing") [< 1 ms]
  Başarılı StrikeQuarryMissingTarget_FailsAndRemovesRelationship [< 1 ms]
  Başarılı ShortageToMeal_TheChainLivesInCauseOrder [227 ms]
  Başarılı GuardOnWatchProjectsAsOnWatchNotAsGuess [< 1 ms]
  Başarılı OnWatchWalksTheBeatAndCompletes [5 ms]
  Başarılı PursuitInterruptsOnWatchOnNextAdvance [2 ms]
  Başarılı TwoDayHorizon_ContainsAWorkThenSleepThenWork_Cycle [75 ms]
  Başarılı PostedSmeltJob_BecomesABodiedChain_AndTheIngotLandsInTheSitePile [10 ms]
INVENTORY Actor.ActionState/invoke-or-direct-assign count=6
  Assets/Scripts/Data/Save/ActorSaveMapper.cs:169::record.ApplyActionState(ActorActionStateSaveReader.Read(save));
  Assets/Scripts/Domain/Actors/ActorRecord.cs:119::copy.ApplyActionState(ActionState);
  Assets/Scripts/Domain/Actors/ActorRecord.cs:178::ActionState = actionState;
  Assets/Scripts/Domain/Actors/ActorRecord.cs:60::ActionState = actionState;
  Assets/Scripts/Simulation/Living/Actions/ActionAdvancer.cs:54::actor.ApplyActionState(next);
  Assets/Scripts/Simulation/World/PlayerLevelUpService.cs:152::copy.ApplyActionState(source.ActionState);
INVENTORY Actor.Position/.MoveTo count=26
  Assets/Scripts/Presentation/Ember/Adapters/DomainSimulationAdapter.Combat.Spells.cs:143::player.MoveTo(CenterOfSite(SettlementSiteId(CurrentSettlementOrStart)));
  Assets/Scripts/Presentation/Ember/Adapters/DomainSimulationAdapter.Combat.Spells.cs:59::player.MoveTo(liveCastPosition);
  Assets/Scripts/Presentation/Ember/Adapters/DomainSimulationAdapter.Travel.cs:57::player.MoveTo(CenterOfSite(SettlementSiteId(settlement.Id)));
  Assets/Scripts/Presentation/Ember/Adapters/DomainSimulationAdapter.WorldEncounter.cs:1004::target.MoveTo(new EmberCrpg.Domain.Actors.GridPosition(castFrom.X + 3, castFrom.Y));
  Assets/Scripts/Presentation/Ember/Adapters/DomainSimulationAdapter.WorldEncounter.cs:1033::actor.MoveTo(new EmberCrpg.Domain.Actors.GridPosition(center.X + (posted - 1) * 2, center.Y));
  Assets/Scripts/Presentation/Ember/Adapters/DomainSimulationAdapter.WorldEncounter.cs:276::hostile.MoveTo(new GridPosition(
  Assets/Scripts/Presentation/Ember/Adapters/DomainSimulationAdapter.WorldEncounter.cs:295::hostile.MoveTo(new GridPosition(hostile.Position.X + dx, hostile.Position.Y + dy));
  Assets/Scripts/Presentation/Ember/Adapters/DomainSimulationAdapter.WorldEncounter.cs:370::player.MoveTo(CenterOfSite(SettlementSiteId(here)));
  Assets/Scripts/Presentation/Ember/Adapters/DomainSimulationAdapter.WorldEncounter.cs:406::outlaw.MoveTo(new GridPosition(player.Position.X + 1, player.Position.Y)); // the duel is adjacent
  Assets/Scripts/Presentation/Ember/Adapters/DomainSimulationAdapter.WorldEncounter.cs:493::dummy.MoveTo(new GridPosition(player.Position.X + 1, player.Position.Y));
  Assets/Scripts/Presentation/Ember/Adapters/DomainSimulationAdapter.WorldEncounter.cs:665::host.MoveTo(tavernGrid);
  Assets/Scripts/Presentation/Ember/Adapters/DomainSimulationAdapter.WorldEncounter.cs:682::player.MoveTo(new EmberCrpg.Domain.Actors.GridPosition(target.Position.X + 1, target.Position.Y));
  Assets/Scripts/Presentation/Ember/Adapters/DomainSimulationAdapter.Worldgen.Npcs.cs:140::worker.MoveTo(preferredSmithPosition);
  Assets/Scripts/Presentation/Ember/Adapters/DomainSimulationAdapter.Worldgen.Player.cs:45::player.MoveTo(CenterOfSite(SettlementSiteId(StartingSettlement)));
  Assets/Scripts/Simulation/Living/Actions/HaulCropAdvancer.cs:45::actor.MoveTo(MovementService.StepToward(actor.Position, centre, world?.NavView));
  Assets/Scripts/Simulation/Living/Actions/HuntAdvancer.cs:62::actor.MoveTo(movement.Position);
  Assets/Scripts/Simulation/Living/Actions/MoveToBedAdvancer.cs:50::actor.MoveTo(movement.Position);
  Assets/Scripts/Simulation/Living/Actions/MoveToFoodAdvancer.cs:46::actor.MoveTo(movement.Position);
  Assets/Scripts/Simulation/Living/Actions/MoveToPlotAdvancer.cs:79::actor.MoveTo(movement.Position);
  Assets/Scripts/Simulation/Living/Actions/MoveToWorksiteAdvancer.cs:55::actor.MoveTo(movement.Position);
  Assets/Scripts/Simulation/Living/Actions/OnWatchAdvancer.cs:45::actor.MoveTo(MovementService.StepToward(actor.Position, post, world?.NavView));
  Assets/Scripts/Simulation/Living/CascadeSystems.cs:205::witness.MoveTo(MovementService.StepToward(witness.Position, nearGuard.Position, world.NavView));
  Assets/Scripts/Simulation/Living/CascadeSystems.cs:223::guard.MoveTo(MovementService.StepToward(guard.Position, attacker.Position, world.NavView));
  Assets/Scripts/Simulation/Living/CascadeSystems.cs:74::hunter.MoveTo(MovementService.StepToward(hunter.Position, prey.Position, world.NavView));
  Assets/Scripts/Simulation/Living/CompanionSystem.cs:99::companion.MoveTo(MovementService.StepToward(companion.Position, player.Position, world.NavView));
  Assets/Scripts/Simulation/Living/ScheduleSystem.cs:74::actor.MoveTo(next);
INVENTORY Actor.Vitals/.ApplyVitals count=25
  Assets/Scripts/Presentation/Ember/Adapters/DomainSimulationAdapter.Combat.Melee.cs:170::target.ApplyVitals(target.Vitals.WithHealth(target.Vitals.Health.Damage(rawDamage)));
  Assets/Scripts/Presentation/Ember/Adapters/DomainSimulationAdapter.Combat.cs:36::player.ApplyVitals(player.Vitals.WithHealth(player.Vitals.Health.Damage(amount)));
  Assets/Scripts/Presentation/Ember/Adapters/DomainSimulationAdapter.Travel.cs:99::player.ApplyVitals(EmberCrpg.Simulation.World.PlayerRestService.RestedVitals(player.Vitals, hoursSlept));
  Assets/Scripts/Presentation/Ember/Adapters/DomainSimulationAdapter.WorldEncounter.cs:1005::target.ApplyVitals(target.Vitals.WithHealth(target.Vitals.Health.Restore(target.Vitals.Health.Max)));
  Assets/Scripts/Presentation/Ember/Adapters/DomainSimulationAdapter.WorldEncounter.cs:362::player.ApplyVitals(new EmberCrpg.Domain.Actors.ActorVitals(
  Assets/Scripts/Presentation/Ember/Adapters/DomainSimulationAdapter.WorldEncounter.cs:503::dummy.ApplyVitals(new EmberCrpg.Domain.Actors.ActorVitals(
  Assets/Scripts/Presentation/Ember/Adapters/DomainSimulationAdapter.WorldEncounter.cs:606::player.ApplyVitals(new EmberCrpg.Domain.Actors.ActorVitals(
  Assets/Scripts/Presentation/Ember/Adapters/DomainSimulationAdapter.WorldEncounter.cs:630::player.ApplyVitals(new EmberCrpg.Domain.Actors.ActorVitals(
  Assets/Scripts/Presentation/Ember/Adapters/DomainSimulationAdapter.WorldEncounter.cs:991::player.ApplyVitals(player.Vitals.WithMana(new VitalStat(40, 40)));
  Assets/Scripts/Simulation/Combat/CombatActionResolver.cs:61::attacker.ApplyVitals(attacker.Vitals.WithFatigue(attacker.Vitals.Fatigue.Damage(action.StaminaCost)));
  Assets/Scripts/Simulation/Combat/CombatActionResolver.cs:72::defender.ApplyVitals(defender.Vitals.WithHealth(defender.Vitals.Health.Damage(damage)));
  Assets/Scripts/Simulation/Combat/CombatMathService.cs:47::defender.ApplyVitals(defender.Vitals.WithHealth(defender.Vitals.Health.Damage(mitigatedDamage)));
  Assets/Scripts/Simulation/Combat/RealtimeDamageService.cs:64::defender.ApplyVitals(defender.Vitals.WithHealth(defender.Vitals.Health.Damage(mitigatedDamage)));
  Assets/Scripts/Simulation/Living/Actions/CombatOperations.cs:73::target.ApplyVitals(new ActorVitals(
  Assets/Scripts/Simulation/Living/CascadeSystems.cs:97::target.ApplyVitals(new ActorVitals(
  Assets/Scripts/Simulation/Magic/SpellCastingService.cs:91::caster.ApplyVitals(caster.Vitals.WithMana(caster.Vitals.Mana.Damage(spell.ManaCost)));
  Assets/Scripts/Simulation/Magic/SpellEffectResolutionService.cs:102::target.ApplyVitals(target.Vitals.WithFatigue(target.Vitals.Fatigue.Damage(effect.Magnitude)));
  Assets/Scripts/Simulation/Magic/SpellEffectResolutionService.cs:73::target.ApplyVitals(target.Vitals.WithHealth(target.Vitals.Health.Damage(effect.Magnitude)));
  Assets/Scripts/Simulation/Magic/SpellEffectResolutionService.cs:78::target.ApplyVitals(target.Vitals.WithHealth(target.Vitals.Health.Restore(effect.Magnitude)));
  Assets/Scripts/Simulation/Magic/SpellEffectResolutionService.cs:84::target.ApplyVitals(target.Vitals.WithFatigue(target.Vitals.Fatigue.Restore(effect.Magnitude)));
  Assets/Scripts/Simulation/Magic/SpellEffectResolutionService.cs:90::target.ApplyVitals(target.Vitals.WithMana(target.Vitals.Mana.Restore(effect.Magnitude)));
  Assets/Scripts/Simulation/Magic/SpellEffectResolutionService.cs:96::target.ApplyVitals(target.Vitals.WithMana(target.Vitals.Mana.Damage(effect.Magnitude)));
  Assets/Scripts/Simulation/Magic/SpellResolver.cs:112::context.TargetActor.ApplyVitals(context.TargetActor.Vitals.WithHealth(context.TargetActor.Vitals.Health.Damage(operation.Magnitude)));
  Assets/Scripts/Simulation/Magic/SpellResolver.cs:118::context.TargetActor.ApplyVitals(context.TargetActor.Vitals.WithHealth(context.TargetActor.Vitals.Health.Restore(operation.Magnitude)));
  Assets/Scripts/Simulation/Magic/SpellResolver.cs:132::context.TargetActor.ApplyVitals(context.TargetActor.Vitals.WithHealth(context.TargetActor.Vitals.Health.Damage(operation.Magnitude)));
  Başarılı ActorActionState_HasOneAuthoritativeProductionWriter_AndNoHiddenCallsites [556 ms]
  Başarılı CoreMutableFields_HaveDeclaredOwnership [3 ms]
  Başarılı CurrentDebt_CompanionFollowAndActionAdvance_CanWriteOneActorPositionInOneTick [4 ms]
  Başarılı EveryDeclaredWriter_IsARealRegisteredSystem_AtItsDeclaredSlot [2 ms]
  Başarılı MoveToAndApplyVitals_ProductionCallsites_MatchTheRepoRelativeGate [897 ms]
INVENTORY Actor.Needs/.ApplyNeeds count=5
  Assets/Scripts/Simulation/Composition/DefaultTickSystems.cs:434::actor.ApplyNeeds(_needs.TickNeeds(actor.Needs));
  Assets/Scripts/Simulation/Living/Actions/ConsumeFoodAdvancer.cs:54::actor.ApplyNeeds(fed);
  Assets/Scripts/Simulation/Living/Actions/SleepAdvancer.cs:66::actor.ApplyNeeds(rested);
  Assets/Scripts/Simulation/Living/NeedRecoverySystem.cs:92::actor.ApplyNeeds(nextNeeds);
  Assets/Scripts/Simulation/Living/NeedsSystem.cs:78::actor.ApplyNeeds(nextNeeds);
INVENTORY World.Stockpiles/add-remove-assign count=28
  Assets/Scripts/Data/Save/SliceJson/WorldSaveMapper.Economy.cs:72::stockpile.Add(entry.itemTag, entry.count);
  Assets/Scripts/Data/Save/SliceJson/WorldSaveMapper.Economy.cs:74::stockpiles.Add(stockpile);
  Assets/Scripts/Data/Save/SliceJson/WorldSaveMapper.cs:196::world.Stockpiles = ToStockpiles(data.stockpiles);
  Assets/Scripts/Domain/Process/StockpileRecipeInventory.cs:25::return _pile.Remove(itemTag, quantity) == quantity;
  Assets/Scripts/Domain/Process/StockpileRecipeInventory.cs:33::_pile.Add(itemTag, quantity);
  Assets/Scripts/Domain/World/WorldState.cs:280::Stockpiles = other.Stockpiles;
  Assets/Scripts/Domain/World/WorldState.cs:46::public List<StockpileComponent> Stockpiles = new List<StockpileComponent>();
  Assets/Scripts/Domain/World/WorldState.cs:85::Stockpiles ??= new List<StockpileComponent>();
  Assets/Scripts/Presentation/Ember/Adapters/DomainSimulationAdapter.Worldgen.Hydration.cs:153::larder.Add("wheat", 150);
  Assets/Scripts/Presentation/Ember/Adapters/DomainSimulationAdapter.Worldgen.Hydration.cs:154::_world.Stockpiles.Add(larder);
  Assets/Scripts/Simulation/Living/Actions/ActionAdvancer.cs:75::FoodOperations.FindPile(world, row.SiteId)?.Add(row.ItemTag, 1);
  Assets/Scripts/Simulation/Living/Actions/ActionAdvancer.cs:81::?.Add(cropTag, state.CarriedUnits);
  Assets/Scripts/Simulation/Living/Actions/ActionLifecycleSystem.cs:263::pile.Add(input.ItemTag, input.Quantity);
  Assets/Scripts/Simulation/Living/Actions/FarmOperations.cs:124::world.Stockpiles.Add(pile);
  Assets/Scripts/Simulation/Living/Actions/HaulCropAdvancer.cs:56::pile.Add(cropTag, state.CarriedUnits);
  Assets/Scripts/Simulation/Living/Actions/PlantSeedAdvancer.cs:77::FarmOperations.PlantIdFor(soil.Id), () => pile.Remove(seedTag, 1) == 1,
  Assets/Scripts/Simulation/Living/Actions/TakeFoodAdvancer.cs:42::pile.Remove(row.ItemTag, 1); // unit is physically in hand now (all-or-nothing)
  Assets/Scripts/Simulation/Living/AmbientLifeSystem.cs:50::pile.Remove(tag, 1);
  Assets/Scripts/Simulation/Magic/SpellResolver.cs:129::context.TerrainStockpile.Remove(requiredTag, 1);
  Assets/Scripts/Simulation/Magic/SpellResolver.cs:130::context.TerrainStockpile.Add(context.ResultTerrainTag, 1);
  Assets/Scripts/Simulation/World/CaravanSystem.cs:50::var loaded = origin?.Remove(route.ItemTag, route.QuantityPerCaravan) ?? 0;
  Assets/Scripts/Simulation/World/CaravanSystem.cs:92::destination.Add(route.ItemTag, caravan.PayloadRemaining);
  Assets/Scripts/Simulation/World/RuntimeHistorySystem.cs:100::world.Stockpiles[0].Add("wheat", CaravanWheat + intensity);
  Assets/Scripts/Simulation/World/WorldFactory.cs:129::furnaceStock.Add("iron", 8);
  Assets/Scripts/Simulation/World/WorldFactory.cs:131::stallStock.Add("coin", 100);
  Assets/Scripts/Simulation/World/WorldFactory.cs:135::stallStock.Add("wheat", 320) /* PLAYTEST maul-survivors eat too: 13 mouths x 5 gate days */;
  Assets/Scripts/Simulation/World/WorldFactory.cs:136::world.Stockpiles.Add(furnaceStock);
  Assets/Scripts/Simulation/World/WorldFactory.cs:137::world.Stockpiles.Add(stallStock);
  Başarılı NeedsAndStockpiles_ProductionMutations_MatchTheExplicitDebtGate [1 s]
  Başarılı Load_CorruptActionBlock_NormalizesToIdle [13 ms]
  Başarılı Roundtrip_IdleActionState_StaysIdle [3 ms]
  Başarılı Roundtrip_PopulatedActionState_IsFieldIdentical [3 ms]
  Başarılı Roundtrip_PreservesHomeAndDayAnchor [1 ms]
  Başarılı Roundtrip_SelectedRunningActionFamily_PreservesSemanticState(Eat,ConsumeFood,0) [1 ms]
  Başarılı Roundtrip_SelectedRunningActionFamily_PreservesSemanticState(Plant,PlantSeed,0) [< 1 ms]
  Başarılı Roundtrip_SelectedRunningActionFamily_PreservesSemanticState(Harvest,HarvestCrop,2) [< 1 ms]
  Başarılı Roundtrip_SelectedRunningActionFamily_PreservesSemanticState(Harvest,HaulCrop,2) [< 1 ms]
  Başarılı Roundtrip_SelectedRunningActionFamily_PreservesSemanticState(Rest,Sleep,0) [< 1 ms]
  Başarılı Roundtrip_SelectedRunningActionFamily_PreservesSemanticState(Work,PerformWork,0) [< 1 ms]
  Başarılı Roundtrip_SelectedRunningActionFamily_PreservesSemanticState(Watch,OnWatch,0) [< 1 ms]
  Başarılı Roundtrip_SelectedRunningActionFamily_PreservesSemanticState(Hunt,Hunt,0) [< 1 ms]
  Başarılı EnsureInvariants_RepairsEveryCanonicalMutableCollectionRoot [5 ms]
  Başarılı LegacyJsonFixtureWithoutHuntFields_CanonicalLoadUsesSafeDeterministicDefault [214 ms]
  Başarılı LegacySaveWithoutHuntFields_LoadsEmpty_ThenRunningHuntFailsDeterministically [59 ms]
  Başarılı MidFlightEatEpisode_SurvivesRoundtrip_TripleIntact [22 ms]
  Başarılı MidFlightFarmEpisode_SurvivesRoundtrip_HandsAndClaimsIntact [7 ms]
NUnit Adapter 4.6.0.0: Test execution complete
  Başarılı MidFlightSleepAndWorkEpisodes_SurviveRoundtrip_RowsIntact [3 ms]
  Başarılı MidHunt_SurvivesRoundtrip_AndFirstRestoredTickContinuesDeterministically [8 ms]
  Başarılı SaveThenLoad_PreservesWorldDigest [80 ms]
  Başarılı WorldQuests_SurviveSaveLoadRoundtrip [2 ms]
  Başarılı RepresentativeWorld_DoubleRoundtrip_IsFieldIdentical [33 ms]

Test Çalıştırması Başarılı.
Toplam test sayısı: 46
     Geçti: 46
 Toplam süre: 6,1599 Saniye
