D:\projects\alcyone-ember-rpg\Assets\Tests\EditMode\WorldDirector\WorldGeoSamplerTests.cs(16,45): warning CS0618: 'OverlandWorldgen.Generate(uint, OverlandParameters)' artık kullanılmıyor: 'B28: test-only. Production uses Generate(GeneratedWorld, parameters); this flat-seed overload builds a DIFFERENT map for the same seed (planet pipeline vs default). Live callers migrated 2026-07-25.' [D:\projects\alcyone-ember-rpg\tools\validation\fallback\ValidationFallbackHarness.csproj]
D:\projects\alcyone-ember-rpg\Assets\Tests\EditMode\Overland\OverlandWorldgenTests.cs(23,24): warning CS0618: 'OverlandWorldgen.Generate(uint, OverlandParameters)' artık kullanılmıyor: 'B28: test-only. Production uses Generate(GeneratedWorld, parameters); this flat-seed overload builds a DIFFERENT map for the same seed (planet pipeline vs default). Live callers migrated 2026-07-25.' [D:\projects\alcyone-ember-rpg\tools\validation\fallback\ValidationFallbackHarness.csproj]
D:\projects\alcyone-ember-rpg\Assets\Tests\EditMode\Overland\OverlandWorldgenTests.cs(24,24): warning CS0618: 'OverlandWorldgen.Generate(uint, OverlandParameters)' artık kullanılmıyor: 'B28: test-only. Production uses Generate(GeneratedWorld, parameters); this flat-seed overload builds a DIFFERENT map for the same seed (planet pipeline vs default). Live callers migrated 2026-07-25.' [D:\projects\alcyone-ember-rpg\tools\validation\fallback\ValidationFallbackHarness.csproj]
D:\projects\alcyone-ember-rpg\Assets\Tests\EditMode\Overland\OverlandWorldgenTests.cs(33,24): warning CS0618: 'OverlandWorldgen.Generate(uint, OverlandParameters)' artık kullanılmıyor: 'B28: test-only. Production uses Generate(GeneratedWorld, parameters); this flat-seed overload builds a DIFFERENT map for the same seed (planet pipeline vs default). Live callers migrated 2026-07-25.' [D:\projects\alcyone-ember-rpg\tools\validation\fallback\ValidationFallbackHarness.csproj]
D:\projects\alcyone-ember-rpg\Assets\Tests\EditMode\Overland\OverlandWorldgenTests.cs(34,24): warning CS0618: 'OverlandWorldgen.Generate(uint, OverlandParameters)' artık kullanılmıyor: 'B28: test-only. Production uses Generate(GeneratedWorld, parameters); this flat-seed overload builds a DIFFERENT map for the same seed (planet pipeline vs default). Live callers migrated 2026-07-25.' [D:\projects\alcyone-ember-rpg\tools\validation\fallback\ValidationFallbackHarness.csproj]
D:\projects\alcyone-ember-rpg\Assets\Tests\EditMode\Overland\OverlandWorldgenTests.cs(123,23): warning CS0618: 'OverlandWorldgen.Generate(uint, OverlandParameters)' artık kullanılmıyor: 'B28: test-only. Production uses Generate(GeneratedWorld, parameters); this flat-seed overload builds a DIFFERENT map for the same seed (planet pipeline vs default). Live callers migrated 2026-07-25.' [D:\projects\alcyone-ember-rpg\tools\validation\fallback\ValidationFallbackHarness.csproj]
D:\projects\alcyone-ember-rpg\Assets\Tests\EditMode\Overland\OverlandWorldgenTests.cs(189,23): warning CS0618: 'OverlandWorldgen.Generate(uint, OverlandParameters)' artık kullanılmıyor: 'B28: test-only. Production uses Generate(GeneratedWorld, parameters); this flat-seed overload builds a DIFFERENT map for the same seed (planet pipeline vs default). Live callers migrated 2026-07-25.' [D:\projects\alcyone-ember-rpg\tools\validation\fallback\ValidationFallbackHarness.csproj]
D:\projects\alcyone-ember-rpg\Assets\Tests\EditMode\Overland\OverlandMapImageSamplerTests.cs(13,24): warning CS0618: 'OverlandWorldgen.Generate(uint, OverlandParameters)' artık kullanılmıyor: 'B28: test-only. Production uses Generate(GeneratedWorld, parameters); this flat-seed overload builds a DIFFERENT map for the same seed (planet pipeline vs default). Live callers migrated 2026-07-25.' [D:\projects\alcyone-ember-rpg\tools\validation\fallback\ValidationFallbackHarness.csproj]
D:\projects\alcyone-ember-rpg\Assets\Tests\EditMode\Overland\OverlandMapImageSamplerTests.cs(14,24): warning CS0618: 'OverlandWorldgen.Generate(uint, OverlandParameters)' artık kullanılmıyor: 'B28: test-only. Production uses Generate(GeneratedWorld, parameters); this flat-seed overload builds a DIFFERENT map for the same seed (planet pipeline vs default). Live callers migrated 2026-07-25.' [D:\projects\alcyone-ember-rpg\tools\validation\fallback\ValidationFallbackHarness.csproj]
D:\projects\alcyone-ember-rpg\Assets\Tests\EditMode\Overland\OverlandMapImageSamplerTests.cs(26,24): warning CS0618: 'OverlandWorldgen.Generate(uint, OverlandParameters)' artık kullanılmıyor: 'B28: test-only. Production uses Generate(GeneratedWorld, parameters); this flat-seed overload builds a DIFFERENT map for the same seed (planet pipeline vs default). Live callers migrated 2026-07-25.' [D:\projects\alcyone-ember-rpg\tools\validation\fallback\ValidationFallbackHarness.csproj]
D:\projects\alcyone-ember-rpg\Assets\Tests\EditMode\Overland\OverlandMapImageSamplerTests.cs(27,24): warning CS0618: 'OverlandWorldgen.Generate(uint, OverlandParameters)' artık kullanılmıyor: 'B28: test-only. Production uses Generate(GeneratedWorld, parameters); this flat-seed overload builds a DIFFERENT map for the same seed (planet pipeline vs default). Live callers migrated 2026-07-25.' [D:\projects\alcyone-ember-rpg\tools\validation\fallback\ValidationFallbackHarness.csproj]
D:\projects\alcyone-ember-rpg\Assets\Tests\EditMode\Overland\OverlandMapImageSamplerTests.cs(72,23): warning CS0618: 'OverlandWorldgen.Generate(uint, OverlandParameters)' artık kullanılmıyor: 'B28: test-only. Production uses Generate(GeneratedWorld, parameters); this flat-seed overload builds a DIFFERENT map for the same seed (planet pipeline vs default). Live callers migrated 2026-07-25.' [D:\projects\alcyone-ember-rpg\tools\validation\fallback\ValidationFallbackHarness.csproj]
  ValidationFallbackHarness -> D:\projects\alcyone-ember-rpg\validation-output\fallback-harness\bin\net8.0\ValidationFallbackHarness.dll
D:\projects\alcyone-ember-rpg\validation-output\fallback-harness\bin\net8.0\ValidationFallbackHarness.dll (.NETCoreApp,Version=v8.0) için test çalıştırması
VSTest sürümü 17.11.1 (x64)

Test yürütmesi başlatılıyor, lütfen bekleyin...
Toplam 1 test dosyası belirtilen desenle eşleşti.
NUnit Adapter 4.6.0.0: Test execution started
Running selected tests in D:\projects\alcyone-ember-rpg\validation-output\fallback-harness\bin\net8.0\ValidationFallbackHarness.dll
   NUnit3TestExecutor discovered 40 of 40 NUnit test cases using Current Discovery mode, Non-Explicit run
  Başarılı EnemyClosesInAndStrikesUntilTargetIsMauled [104 ms]
  Başarılı EnemyHuntProjectsAsHuntNotAsGuess [1 ms]
  Başarılı EnemyWithNoPreyInRangeStaysIdleAndOpensNoRow [< 1 ms]
  Başarılı HuntCadenceWait_DoesNotMoveOrIncrementProgress [4 ms]
  Başarılı HuntInterruptedByPursuit_RemovesRelationship [10 ms]
  Başarılı HuntNoRoute_FailsWithoutProgress_AndRemovesTargetClaim [1 ms]
  Başarılı HuntOppositeIntegerBoundaries_DoesNotFalseArriveOrThrow [2 ms]
  Başarılı HuntTerminalTargetLoss_FailsAndRemovesRelationship("expired") [< 1 ms]
  Başarılı HuntTerminalTargetLoss_FailsAndRemovesRelationship("dead") [< 1 ms]
INVENTORY Actor.ActionState/invoke-or-direct-assign count=6
  Assets/Scripts/Data/Save/ActorSaveMapper.cs:170::record.ApplyActionState(ActorActionStateSaveReader.Read(save));
  Assets/Scripts/Domain/Actors/ActorRecord.cs:119::copy.ApplyActionState(ActionState);
  Assets/Scripts/Domain/Actors/ActorRecord.cs:178::ActionState = actionState;
  Assets/Scripts/Domain/Actors/ActorRecord.cs:60::ActionState = actionState;
  Assets/Scripts/Simulation/Living/Actions/ActionAdvancer.cs:55::actor.ApplyActionState(next);
  Assets/Scripts/Simulation/World/PlayerLevelUpService.cs:152::copy.ApplyActionState(source.ActionState);
  Başarılı HuntTerminalTargetLoss_FailsAndRemovesRelationship("missing") [< 1 ms]
  Başarılı StrikeQuarryMissingTarget_FailsAndRemovesRelationship [< 1 ms]
  Başarılı GuardEatsOffWatch [51 ms]
  Başarılı LunchAfterTheChase [2 ms]
  Başarılı PursuitOutranksLunch [1 ms]
  Başarılı ActorActionState_HasOneAuthoritativeProductionWriter_AndNoHiddenCallsites [375 ms]
  Başarılı CompanionCutover_ActiveActionHasOneMovementWriterAndLegacyStepsAreGone [6 ms]
  Başarılı CoreMutableFields_HaveDeclaredOwnership [< 1 ms]
  Başarılı EveryDeclaredWriter_IsARealRegisteredSystem_AtItsDeclaredSlot [1 ms]
INVENTORY Actor.Position/.MoveTo count=25
  Assets/Scripts/Presentation/Ember/Adapters/DomainSimulationAdapter.Combat.Spells.cs:143::player.MoveTo(CenterOfSite(SettlementSiteId(CurrentSettlementOrStart)));
  Assets/Scripts/Presentation/Ember/Adapters/DomainSimulationAdapter.Combat.Spells.cs:59::player.MoveTo(liveCastPosition);
  Assets/Scripts/Presentation/Ember/Adapters/DomainSimulationAdapter.Travel.cs:57::player.MoveTo(CenterOfSite(SettlementSiteId(settlement.Id)));
  Assets/Scripts/Presentation/Ember/Adapters/DomainSimulationAdapter.WorldEncounter.cs:1004::target.MoveTo(new EmberCrpg.Domain.Actors.GridPosition(castFrom.X + 3, castFrom.Y));
  Assets/Scripts/Presentation/Ember/Adapters/DomainSimulationAdapter.WorldEncounter.cs:1033::actor.MoveTo(new EmberCrpg.Domain.Actors.GridPosition(center.X + (posted - 1) * 2, center.Y));
  Assets/Scripts/Presentation/Ember/Adapters/DomainSimulationAdapter.WorldEncounter.cs:276::hostile.MoveTo(new GridPosition(
  Assets/Scripts/Presentation/Ember/Adapters/DomainSimulationAdapter.WorldEncounter.cs:295::hostile.MoveTo(new GridPosition(hostile.Position.X + dx, hostile.Position.Y + dy));
  Assets/Scripts/Presentation/Ember/Adapters/DomainSimulationAdapter.WorldEncounter.cs:370::player.MoveTo(CenterOfSite(SettlementSiteId(here)));
  Assets/Scripts/Presentation/Ember/Adapters/DomainSimulationAdapter.WorldEncounter.cs:406::outlaw.MoveTo(new GridPosition(player.Position.X + 1, player.Position.Y)); // the duel is adjacent
  Assets/Scripts/Presentation/Ember/Adapters/DomainSimulationAdapter.WorldEncounter.cs:493::dummy.MoveTo(new GridPosition(player.Position.X + 1, player.Position.Y));
  Assets/Scripts/Presentation/Ember/Adapters/DomainSimulationAdapter.WorldEncounter.cs:665::host.MoveTo(tavernGrid);
  Assets/Scripts/Presentation/Ember/Adapters/DomainSimulationAdapter.WorldEncounter.cs:682::player.MoveTo(new EmberCrpg.Domain.Actors.GridPosition(target.Position.X + 1, target.Position.Y));
  Assets/Scripts/Presentation/Ember/Adapters/DomainSimulationAdapter.Worldgen.Npcs.cs:140::worker.MoveTo(preferredSmithPosition);
  Assets/Scripts/Presentation/Ember/Adapters/DomainSimulationAdapter.Worldgen.Player.cs:45::player.MoveTo(CenterOfSite(SettlementSiteId(StartingSettlement)));
  Assets/Scripts/Simulation/Living/Actions/FollowPlayerAdvancer.cs:48::actor.MoveTo(movement.Position);
  Assets/Scripts/Simulation/Living/Actions/HaulCropAdvancer.cs:45::actor.MoveTo(MovementService.StepToward(actor.Position, centre, world?.NavView));
  Assets/Scripts/Simulation/Living/Actions/HuntAdvancer.cs:61::actor.MoveTo(movement.Position);
  Assets/Scripts/Simulation/Living/Actions/MoveToBedAdvancer.cs:50::actor.MoveTo(movement.Position);
  Assets/Scripts/Simulation/Living/Actions/MoveToFoodAdvancer.cs:46::actor.MoveTo(movement.Position);
  Assets/Scripts/Simulation/Living/Actions/MoveToPlotAdvancer.cs:79::actor.MoveTo(movement.Position);
  Assets/Scripts/Simulation/Living/Actions/MoveToWorksiteAdvancer.cs:55::actor.MoveTo(movement.Position);
  Assets/Scripts/Simulation/Living/Actions/OnWatchAdvancer.cs:45::actor.MoveTo(MovementService.StepToward(actor.Position, post, world?.NavView));
  Assets/Scripts/Simulation/Living/Actions/PursueAdvancer.cs:57::actor.MoveTo(movement.Position);
  Assets/Scripts/Simulation/Living/Actions/ReportCrimeAdvancer.cs:75::actor.MoveTo(movement.Position);
  Assets/Scripts/Simulation/Living/ScheduleSystem.cs:61::actor.MoveTo(next);
INVENTORY Actor.Vitals/.ApplyVitals count=24
  Assets/Scripts/Presentation/Ember/Adapters/DomainSimulationAdapter.Combat.Melee.cs:170::target.ApplyVitals(target.Vitals.WithHealth(target.Vitals.Health.Damage(rawDamage)));
  Assets/Scripts/Presentation/Ember/Adapters/DomainSimulationAdapter.Combat.cs:36::player.ApplyVitals(player.Vitals.WithHealth(player.Vitals.Health.Damage(amount)));
  Assets/Scripts/Presentation/Ember/Adapters/DomainSimulationAdapter.Travel.cs:99::player.ApplyVitals(EmberCrpg.Simulation.World.PlayerRestService.RestedVitals(player.Vitals, hoursSlept));
  Assets/Scripts/Presentation/Ember/Adapters/DomainSimulationAdapter.WorldEncounter.cs:1005::target.ApplyVitals(target.Vitals.WithHealth(target.Vitals.Health.Restore(target.Vitals.Health.Max)));
  Assets/Scripts/Presentation/Ember/Adapters/DomainSimulationAdapter.WorldEncounter.cs:362::player.ApplyVitals(new EmberCrpg.Domain.Actors.ActorVitals(
  Assets/Scripts/Presentation/Ember/Adapters/DomainSimulationAdapter.WorldEncounter.cs:503::dummy.ApplyVitals(new EmberCrpg.Domain.Actors.ActorVitals(
  Assets/Scripts/Presentation/Ember/Adapters/DomainSimulationAdapter.WorldEncounter.cs:606::player.ApplyVitals(new EmberCrpg.Domain.Actors.ActorVitals(
  Assets/Scripts/Presentation/Ember/Adapters/DomainSimulationAdapter.WorldEncounter.cs:630::player.ApplyVitals(new EmberCrpg.Domain.Actors.ActorVitals(
  Assets/Scripts/Presentation/Ember/Adapters/DomainSimulationAdapter.WorldEncounter.cs:991::player.ApplyVitals(player.Vitals.WithMana(new VitalStat(40, 40)));
  Assets/Scripts/Simulation/Combat/CombatActionResolver.cs:61::attacker.ApplyVitals(attacker.Vitals.WithFatigue(attacker.Vitals.Fatigue.Damage(action.StaminaCost)));
  Assets/Scripts/Simulation/Combat/CombatActionResolver.cs:72::defender.ApplyVitals(defender.Vitals.WithHealth(defender.Vitals.Health.Damage(damage)));
  Assets/Scripts/Simulation/Combat/CombatMathService.cs:47::defender.ApplyVitals(defender.Vitals.WithHealth(defender.Vitals.Health.Damage(mitigatedDamage)));
  Assets/Scripts/Simulation/Combat/RealtimeDamageService.cs:64::defender.ApplyVitals(defender.Vitals.WithHealth(defender.Vitals.Health.Damage(mitigatedDamage)));
  Assets/Scripts/Simulation/Living/Actions/CombatOperations.cs:73::target.ApplyVitals(new ActorVitals(
  Assets/Scripts/Simulation/Magic/SpellCastingService.cs:91::caster.ApplyVitals(caster.Vitals.WithMana(caster.Vitals.Mana.Damage(spell.ManaCost)));
  Assets/Scripts/Simulation/Magic/SpellEffectResolutionService.cs:102::target.ApplyVitals(target.Vitals.WithFatigue(target.Vitals.Fatigue.Damage(effect.Magnitude)));
  Assets/Scripts/Simulation/Magic/SpellEffectResolutionService.cs:73::target.ApplyVitals(target.Vitals.WithHealth(target.Vitals.Health.Damage(effect.Magnitude)));
  Assets/Scripts/Simulation/Magic/SpellEffectResolutionService.cs:78::target.ApplyVitals(target.Vitals.WithHealth(target.Vitals.Health.Restore(effect.Magnitude)));
  Assets/Scripts/Simulation/Magic/SpellEffectResolutionService.cs:84::target.ApplyVitals(target.Vitals.WithFatigue(target.Vitals.Fatigue.Restore(effect.Magnitude)));
  Assets/Scripts/Simulation/Magic/SpellEffectResolutionService.cs:90::target.ApplyVitals(target.Vitals.WithMana(target.Vitals.Mana.Restore(effect.Magnitude)));
  Assets/Scripts/Simulation/Magic/SpellEffectResolutionService.cs:96::target.ApplyVitals(target.Vitals.WithMana(target.Vitals.Mana.Damage(effect.Magnitude)));
  Assets/Scripts/Simulation/Magic/SpellResolver.cs:112::context.TargetActor.ApplyVitals(context.TargetActor.Vitals.WithHealth(context.TargetActor.Vitals.Health.Damage(operation.Magnitude)));
  Assets/Scripts/Simulation/Magic/SpellResolver.cs:118::context.TargetActor.ApplyVitals(context.TargetActor.Vitals.WithHealth(context.TargetActor.Vitals.Health.Restore(operation.Magnitude)));
  Assets/Scripts/Simulation/Magic/SpellResolver.cs:132::context.TargetActor.ApplyVitals(context.TargetActor.Vitals.WithHealth(context.TargetActor.Vitals.Health.Damage(operation.Magnitude)));
INVENTORY Actor.Needs/.ApplyNeeds count=5
  Assets/Scripts/Simulation/Composition/DefaultTickSystems.cs:406::actor.ApplyNeeds(_needs.TickNeeds(actor.Role, actor.Needs));
  Assets/Scripts/Simulation/Living/Actions/ConsumeFoodAdvancer.cs:54::actor.ApplyNeeds(fed);
  Assets/Scripts/Simulation/Living/Actions/SleepAdvancer.cs:66::actor.ApplyNeeds(rested);
  Assets/Scripts/Simulation/Living/NeedRecoverySystem.cs:92::actor.ApplyNeeds(nextNeeds);
  Assets/Scripts/Simulation/Living/NeedsSystem.cs:107::actor.ApplyNeeds(nextNeeds);
INVENTORY World.Stockpiles/add-remove-assign count=28
  Assets/Scripts/Data/Save/SliceJson/WorldSaveMapper.Economy.cs:72::stockpile.Add(entry.itemTag, entry.count);
  Assets/Scripts/Data/Save/SliceJson/WorldSaveMapper.Economy.cs:74::stockpiles.Add(stockpile);
  Assets/Scripts/Data/Save/SliceJson/WorldSaveMapper.cs:199::world.Stockpiles = ToStockpiles(data.stockpiles);
  Assets/Scripts/Domain/Process/StockpileRecipeInventory.cs:25::return _pile.Remove(itemTag, quantity) == quantity;
  Assets/Scripts/Domain/Process/StockpileRecipeInventory.cs:33::_pile.Add(itemTag, quantity);
  Assets/Scripts/Domain/World/WorldState.cs:280::Stockpiles = other.Stockpiles;
  Assets/Scripts/Domain/World/WorldState.cs:46::public List<StockpileComponent> Stockpiles = new List<StockpileComponent>();
  Assets/Scripts/Domain/World/WorldState.cs:85::Stockpiles ??= new List<StockpileComponent>();
  Assets/Scripts/Presentation/Ember/Adapters/DomainSimulationAdapter.Worldgen.Hydration.cs:153::larder.Add("wheat", 150);
  Assets/Scripts/Presentation/Ember/Adapters/DomainSimulationAdapter.Worldgen.Hydration.cs:154::_world.Stockpiles.Add(larder);
  Assets/Scripts/Simulation/Living/Actions/ActionAdvancer.cs:76::FoodOperations.FindPile(world, row.SiteId)?.Add(row.ItemTag, 1);
  Assets/Scripts/Simulation/Living/Actions/ActionAdvancer.cs:82::?.Add(cropTag, state.CarriedUnits);
  Assets/Scripts/Simulation/Living/Actions/ActionLifecycleSystem.cs:317::pile.Add(input.ItemTag, input.Quantity);
  Assets/Scripts/Simulation/Living/Actions/FarmOperations.cs:124::world.Stockpiles.Add(pile);
  Assets/Scripts/Simulation/Living/Actions/HaulCropAdvancer.cs:56::pile.Add(cropTag, state.CarriedUnits);
  Assets/Scripts/Simulation/Living/Actions/PlantSeedAdvancer.cs:77::FarmOperations.PlantIdFor(soil.Id), () => pile.Remove(seedTag, 1) == 1,
  Assets/Scripts/Simulation/Living/Actions/TakeFoodAdvancer.cs:42::pile.Remove(row.ItemTag, 1); // unit is physically in hand now (all-or-nothing)
  Assets/Scripts/Simulation/Living/AmbientLifeSystem.cs:50::pile.Remove(tag, 1);
  Assets/Scripts/Simulation/Magic/SpellResolver.cs:129::context.TerrainStockpile.Remove(requiredTag, 1);
  Assets/Scripts/Simulation/Magic/SpellResolver.cs:130::context.TerrainStockpile.Add(context.ResultTerrainTag, 1);
  Assets/Scripts/Simulation/World/CaravanSystem.cs:50::var loaded = origin?.Remove(route.ItemTag, route.QuantityPerCaravan) ?? 0;
  Assets/Scripts/Simulation/World/CaravanSystem.cs:92::destination.Add(route.ItemTag, caravan.PayloadRemaining);
  Assets/Scripts/Simulation/World/RuntimeHistorySystem.cs:100::world.Stockpiles[0].Add("wheat", CaravanWheat + intensity);
  Assets/Scripts/Simulation/World/WorldFactory.cs:129::furnaceStock.Add("iron", 8);
  Assets/Scripts/Simulation/World/WorldFactory.cs:131::stallStock.Add("coin", 100);
  Assets/Scripts/Simulation/World/WorldFactory.cs:135::stallStock.Add("wheat", 320) /* PLAYTEST maul-survivors eat too: 13 mouths x 5 gate days */;
  Assets/Scripts/Simulation/World/WorldFactory.cs:136::world.Stockpiles.Add(furnaceStock);
  Assets/Scripts/Simulation/World/WorldFactory.cs:137::world.Stockpiles.Add(stallStock);
  Başarılı MoveToAndApplyVitals_ProductionCallsites_MatchTheRepoRelativeGate [623 ms]
  Başarılı NeedsAndStockpiles_ProductionMutations_MatchTheExplicitDebtGate [761 ms]
  Başarılı ActionPredation_CivilianCanNeverDie_OnlyMauled [1 ms]
  Başarılı ActionPredation_ProducesOneAuthoritativeCombatEventPerStrike [< 1 ms]
  Başarılı WitnessEventVolume_CannotMoveReporterMoreThanOneActionStep [13 ms]
  Başarılı WitnessTick_SameAttackerTwice_FilesExactlyOneReport [2 ms]
  Başarısız Advance_ExpiredPursuit_IsPruned_AndTheWatchGoesHome [49 ms]
  Hata İletisi:
     an expired chase is pruned
Assert.That(world.GuardPursuits, Is.Empty)
  Expected: <empty>
  But was:  < <EmberCrpg.Domain.World.PursuitRecord> >

  Yığın İzleme:
     at EmberCrpg.Tests.EditMode.Living.GuardPursuitTests.Advance_ExpiredPursuit_IsPruned_AndTheWatchGoesHome() in D:\projects\alcyone-ember-rpg\Assets\Tests\EditMode\Living\GuardPursuitTests.cs:line 122

1)    at EmberCrpg.Tests.EditMode.Living.GuardPursuitTests.Advance_ExpiredPursuit_IsPruned_AndTheWatchGoesHome() in D:\projects\alcyone-ember-rpg\Assets\Tests\EditMode\Living\GuardPursuitTests.cs:line 122


  Başarılı Digest_DistinguishesDifferentPersistedPursuitTargets [55 ms]
  Başarılı IdleGuard_AdjacentEnemyStartsCanonicalPursuitWithoutWitness [1 ms]
  Başarılı MidPursuit_SaveLoad_PreservesDurableActorTargetAndLedgers [86 ms]
  Başarılı NewReport_RetargetsRunningPursuitWithoutDeletingNewestLedger [4 ms]
  Başarılı NonInterruptiblePolicy_IsHonoredByReportAction [< 1 ms]
  Başarılı PursueAction_ClosesAtMostOneStepPerTick_WithoutRubberBanding [< 1 ms]
  Başarılı PursueAction_TargetDies_FailsWithSemanticTargetGoneAndCleansClaims [< 1 ms]
  Başarılı PursueAction_TargetEscapesBeyondBound_FailsAndCleansClaims [< 1 ms]
  Başarılı PursueStrike_EmitsOneCombatResolved_ThenCompletesAndProjectsTruth [< 1 ms]
NUnit Adapter 4.6.0.0: Test execution complete
  Başarılı ReportCrime_DeadTargetClosesFactWithoutArmingPursuitOrRetry [< 1 ms]
  Başarılı StrikePhase_ExpiredPursuitFailsTimedOut [< 1 ms]
  Başarılı WitnessReport_ArmsAPursuit_ForGuardsInEarshot [< 1 ms]
  Başarılı ContinuousTrouble_SweepsOncePerDay_AndReArmsAfterTheCooldown [< 1 ms]
  Başarılı RepeatedReports_CrossTheThreshold_ArmsWholeWatchWithoutDirectMovement [1 ms]
  Başarılı Unrest_DecaysWithTheDays [< 1 ms]

Toplam test sayısı: 40
     Geçti: 39
     Başarısız: 1
Test Çalıştırması Başarısız.
 Toplam süre: 3,3914 Saniye
