D:\projects\alcyone-ember-rpg\Assets\Tests\EditMode\WorldDirector\WorldGeoSamplerTests.cs(16,45): warning CS0618: 'OverlandWorldgen.Generate(uint, OverlandParameters)' artık kullanılmıyor: 'B28: test-only. Production uses Generate(GeneratedWorld, parameters); this flat-seed overload builds a DIFFERENT map for the same seed (planet pipeline vs default). Live callers migrated 2026-07-25.' [D:\projects\alcyone-ember-rpg\tools\validation\fallback\ValidationFallbackHarness.csproj]
D:\projects\alcyone-ember-rpg\Assets\Tests\EditMode\Overland\OverlandWorldgenTests.cs(23,24): warning CS0618: 'OverlandWorldgen.Generate(uint, OverlandParameters)' artık kullanılmıyor: 'B28: test-only. Production uses Generate(GeneratedWorld, parameters); this flat-seed overload builds a DIFFERENT map for the same seed (planet pipeline vs default). Live callers migrated 2026-07-25.' [D:\projects\alcyone-ember-rpg\tools\validation\fallback\ValidationFallbackHarness.csproj]
D:\projects\alcyone-ember-rpg\Assets\Tests\EditMode\Overland\OverlandWorldgenTests.cs(24,24): warning CS0618: 'OverlandWorldgen.Generate(uint, OverlandParameters)' artık kullanılmıyor: 'B28: test-only. Production uses Generate(GeneratedWorld, parameters); this flat-seed overload builds a DIFFERENT map for the same seed (planet pipeline vs default). Live callers migrated 2026-07-25.' [D:\projects\alcyone-ember-rpg\tools\validation\fallback\ValidationFallbackHarness.csproj]
D:\projects\alcyone-ember-rpg\Assets\Tests\EditMode\Overland\OverlandWorldgenTests.cs(33,24): warning CS0618: 'OverlandWorldgen.Generate(uint, OverlandParameters)' artık kullanılmıyor: 'B28: test-only. Production uses Generate(GeneratedWorld, parameters); this flat-seed overload builds a DIFFERENT map for the same seed (planet pipeline vs default). Live callers migrated 2026-07-25.' [D:\projects\alcyone-ember-rpg\tools\validation\fallback\ValidationFallbackHarness.csproj]
D:\projects\alcyone-ember-rpg\Assets\Tests\EditMode\Overland\OverlandWorldgenTests.cs(34,24): warning CS0618: 'OverlandWorldgen.Generate(uint, OverlandParameters)' artık kullanılmıyor: 'B28: test-only. Production uses Generate(GeneratedWorld, parameters); this flat-seed overload builds a DIFFERENT map for the same seed (planet pipeline vs default). Live callers migrated 2026-07-25.' [D:\projects\alcyone-ember-rpg\tools\validation\fallback\ValidationFallbackHarness.csproj]
D:\projects\alcyone-ember-rpg\Assets\Tests\EditMode\Overland\OverlandWorldgenTests.cs(123,23): warning CS0618: 'OverlandWorldgen.Generate(uint, OverlandParameters)' artık kullanılmıyor: 'B28: test-only. Production uses Generate(GeneratedWorld, parameters); this flat-seed overload builds a DIFFERENT map for the same seed (planet pipeline vs default). Live callers migrated 2026-07-25.' [D:\projects\alcyone-ember-rpg\tools\validation\fallback\ValidationFallbackHarness.csproj]
D:\projects\alcyone-ember-rpg\Assets\Tests\EditMode\Overland\OverlandWorldgenTests.cs(189,23): warning CS0618: 'OverlandWorldgen.Generate(uint, OverlandParameters)' artık kullanılmıyor: 'B28: test-only. Production uses Generate(GeneratedWorld, parameters); this flat-seed overload builds a DIFFERENT map for the same seed (planet pipeline vs default). Live callers migrated 2026-07-25.' [D:\projects\alcyone-ember-rpg\tools\validation\fallback\ValidationFallbackHarness.csproj]
D:\projects\alcyone-ember-rpg\Assets\Tests\EditMode\Overland\OverlandMapImageSamplerTests.cs(13,24): warning CS0618: 'OverlandWorldgen.Generate(uint, OverlandParameters)' artık kullanılmıyor: 'B28: test-only. Production uses Generate(GeneratedWorld, parameters); this flat-seed overload builds a DIFFERENT map for the same seed (planet pipeline vs default). Live callers migrated 2026-07-25.' [D:\projects\alcyone-ember-rpg\tools\validation\fallback\ValidationFallbackHarness.csproj]
D:\projects\alcyone-ember-rpg\Assets\Tests\EditMode\Overland\OverlandMapImageSamplerTests.cs(14,24): warning CS0618: 'OverlandWorldgen.Generate(uint, OverlandParameters)' artık kullanılmıyor: 'B28: test-only. Production uses Generate(GeneratedWorld, parameters); this flat-seed overload builds a DIFFERENT map for the same seed (planet pipeline vs default). Live callers migrated 2026-07-25.' [D:\projects\alcyone-ember-rpg\tools\validation\fallback\ValidationFallbackHarness.csproj]
D:\projects\alcyone-ember-rpg\Assets\Tests\EditMode\Overland\OverlandMapImageSamplerTests.cs(26,24): warning CS0618: 'OverlandWorldgen.Generate(uint, OverlandParameters)' artık kullanılmıyor: 'B28: test-only. Production uses Generate(GeneratedWorld, parameters); this flat-seed overload builds a DIFFERENT map for the same seed (planet pipeline vs default). Live callers migrated 2026-07-25.' [D:\projects\alcyone-ember-rpg\tools\validation\fallback\ValidationFallbackHarness.csproj]
D:\projects\alcyone-ember-rpg\Assets\Tests\EditMode\Overland\OverlandMapImageSamplerTests.cs(27,24): warning CS0618: 'OverlandWorldgen.Generate(uint, OverlandParameters)' artık kullanılmıyor: 'B28: test-only. Production uses Generate(GeneratedWorld, parameters); this flat-seed overload builds a DIFFERENT map for the same seed (planet pipeline vs default). Live callers migrated 2026-07-25.' [D:\projects\alcyone-ember-rpg\tools\validation\fallback\ValidationFallbackHarness.csproj]
D:\projects\alcyone-ember-rpg\Assets\Tests\EditMode\Overland\OverlandMapImageSamplerTests.cs(72,23): warning CS0618: 'OverlandWorldgen.Generate(uint, OverlandParameters)' artık kullanılmıyor: 'B28: test-only. Production uses Generate(GeneratedWorld, parameters); this flat-seed overload builds a DIFFERENT map for the same seed (planet pipeline vs default). Live callers migrated 2026-07-25.' [D:\projects\alcyone-ember-rpg\tools\validation\fallback\ValidationFallbackHarness.csproj]
  ValidationFallbackHarness -> D:\projects\alcyone-ember-rpg\validation-output\fallback-harness\bin\net8.0\ValidationFallbackHarness.dll
D:\projects\alcyone-ember-rpg\validation-output\fallback-harness\bin\net8.0\ValidationFallbackHarness.dll (.NETCoreApp,Version=v8.0) için test çalıştırması
VSTest sürümü 17.11.1 (x64)

Test yürütmesi başlatılıyor, lütfen bekleyin...
Toplam 1 test dosyası belirtilen desenle eşleşti.
NUnit Adapter 4.6.0.0: Test execution started
Running selected tests in D:\projects\alcyone-ember-rpg\validation-output\fallback-harness\bin\net8.0\ValidationFallbackHarness.dll
   NUnit3TestExecutor discovered 13 of 13 NUnit test cases using Current Discovery mode, Non-Explicit run
  Başarılı Advance_ExpiredPursuit_IsPruned_AndTheWatchGoesHome [56 ms]
  Başarılı Digest_DistinguishesDifferentPersistedPursuitTargets [66 ms]
  Başarılı IdleGuard_AdjacentEnemyStartsCanonicalPursuitWithoutWitness [7 ms]
  Başarılı MidPursuit_SaveLoad_PreservesDurableActorTargetAndLedgers [84 ms]
  Başarılı NewReport_RetargetsRunningPursuitWithoutDeletingNewestLedger [10 ms]
  Başarılı NonInterruptiblePolicy_IsHonoredByReportAction [< 1 ms]
  Başarılı PursueAction_ClosesAtMostOneStepPerTick_WithoutRubberBanding [1 ms]
  Başarılı PursueAction_TargetDies_FailsWithSemanticTargetGoneAndCleansClaims [3 ms]
  Başarılı PursueAction_TargetEscapesBeyondBound_FailsAndCleansClaims [< 1 ms]
NUnit Adapter 4.6.0.0: Test execution complete
  Başarılı PursueStrike_EmitsOneCombatResolved_ThenCompletesAndProjectsTruth [8 ms]
  Başarılı ReportCrime_DeadTargetClosesFactWithoutArmingPursuitOrRetry [2 ms]
  Başarılı StrikePhase_ExpiredPursuitFailsTimedOut [< 1 ms]
  Başarılı WitnessReport_ArmsAPursuit_ForGuardsInEarshot [1 ms]

Test Çalıştırması Başarılı.
Toplam test sayısı: 13
     Geçti: 13
 Toplam süre: 1,3419 Saniye
